---
source: crates/baml_tests/src/generated_tests.rs
---
=== COMPILER2 DIAGNOSTICS ===
  [type] Error: unreachable arm
     ╭─[ llm_types.baml:158:17 ]
     │
 158 │             _ => { continue; }
     │                 ───────┬──────  
     │                        ╰──────── unreachable arm
     │ 
     │ Note: Error code: E0001
─────╯

  [type] Error: unreachable arm
     ╭─[ llm_types.baml:188:17 ]
     │
 188 │ ╭─▶             _ => {
     ┆ ┆   
 193 │ ├─▶             }
     │ │                   
     │ ╰─────────────────── unreachable arm
     │     
     │     Note: Error code: E0001
─────╯

  [type] Error: unreachable arm
     ╭─[ llm_types.baml:207:17 ]
     │
 207 │             _ => { continue; }
     │                 ───────┬──────  
     │                        ╰──────── unreachable arm
     │ 
     │ Note: Error code: E0001
─────╯

  [type] Error: unresolved name: GPT4
   ╭─[ main.baml:1:44 ]
   │
 1 │ ╭─▶ function HelloWorld(name: string) -> string {
   ┆ ┆   
 6 │ ├─▶ }
   │ │       
   │ ╰─────── unresolved name: GPT4
   │     
   │     Note: Error code: E0001
───╯
