---
source: crates/baml_build_request_tests/tests/render_prompt_engine.rs
expression: "&result"
input_file: crates/baml_build_request_tests/testdata/OutputUnions.baml
---
fixture: OutputUnions.baml
function: FnOutputUnions
prompt:
  Chat:
    - role: system
      allow_duplicate_role: false
      parts:
        - Text: "Return a JSON blob with this schema:\nAnswer in JSON using this schema:\n{\n  prop1: string or bool,\n  prop2: (float or bool)[],\n  prop3: bool[] or int[],\n}\n\nJSON:"
