---
source: crates/baml_tests/src/generated_tests.rs
---
=== HIR2 ===
function user.ElseIfChain(x: int) -> string  [expr] {
  {  } if (x Eq 1) { // [1] Case one } "one" else if (x Eq 2) { // [1] Case two } "two" else if (x Eq 3) { // [1] Case three } "three" else { // [1] Default case } "other"
}
function user.Headers() -> string  [expr] {
  { // [1] Setup; let x = 1; // [2] Configuration; let y = 2; // [1] Processing; let z = x Add y } z.to_string()
}
function user.IfElseWithHeaders(flag: bool) -> string  [expr] {
  { // [1] Check flag } if (flag) { // [1] True branch } "yes" else { // [1] False branch } "no"
}
function user.LlmFunction(input: string) -> string  [llm] {
  baml.llm.call_llm_function(TestClient, "LlmFunction", map { "input": input })
}
function user.LlmFunction$build_request(input: string) -> baml.http.Request  [expr] {
  baml.llm.build_request(TestClient, "LlmFunction", map { "input": input })
}
function user.LlmFunction$build_request_stream(input: string) -> baml.http.Request  [expr] {
  baml.llm.build_request_stream(TestClient, "LlmFunction", map { "input": input })
}
function user.LlmFunction$parse(json: string) -> string  [expr] {
  baml.llm.parse("LlmFunction", json)
}
function user.LlmFunction$render_prompt(input: string) -> baml.llm.PromptAst  [expr] {
  baml.llm.render_prompt(TestClient, "LlmFunction", map { "input": input })
}
function user.MatchExpression(x: int) -> string  [expr] {
  {  } match (x) { 1 => { // [1] One } "one", 2 => { // [1] Two } "two", _ => { // [1] Default } "other" }
}
function user.NestedControlFlow(x: int) -> string  [expr] {
  { // [1] Outer } if (x Gt 0) { // [1] Positive } if (x Gt 100) { // [1] Large } "large" else { // [1] Small } "small" else { // [1] Non-positive } "zero or negative"
}
function user.SimpleFunction() -> int  [expr] {
  {  } 42
}
function user.TestClient$new() -> ?  [expr] {
  baml.llm.PrimitiveClient { name: "TestClient", provider: "openai", options: baml.llm.PrimitiveClientOptions { model: "gpt-4", base_url: null, allowed_role_metadata: null, finish_reason_allow_list: null, finish_reason_deny_list: null, supports_streaming: null, default_role: null, allowed_roles: null, remap_roles: null, api_key: null, provider_options: null, media_url_handler: null, headers: map {  }, query_params: map {  }, request_body: map {  } } }
}
function user.WhileWithHeaders() -> int  [expr] {
  { // [1] Initialize; let count = 0; // [1] Loop; while count Lt 10 { // [1] Iteration; count Add= 1 }; // [1] Done } count
}
