---
source: crates/baml_tests/src/generated_tests.rs
---
=== HIR ITEMS ===
class stream_Education {
  school: null | string @sap.missing(null)
  year: null | int @sap.missing(null)
}

class stream_ExplicitAnnotations {
  name: string @sap.missing("Loading...")
  gpa: float @sap.missing(never)
  certifications: null | Education @sap.missing(null)
}

class Education {
  school: string
  year: int
}

class ExplicitAnnotations {
  name: string
  gpa: float
  certifications: Education[][]
  internal: string
}
