---
source: crates/baml_cli/src/describe_command_tests.rs
assertion_line: 776
expression: "capture_description(&db, &descs[0], 30)"
---
class User  methods.baml:2-13

class User {
    name: string,
    age: int,
}

methods:
  function Greet(self) -> string throws never  methods.baml:6-8
  function IsAdult(self) -> bool throws never  methods.baml:10-12

references (0):
