---
source: crates/baml_cli/src/describe_command_tests.rs
expression: output
---
class            baml.llm.OrchestrationStep       <builtin>/baml/ns_llm/llm.baml:1
class            baml.llm.ExecutionContext        <builtin>/baml/ns_llm/llm.baml:6
class            baml.llm.PlannerState            <builtin>/baml/ns_llm/llm.baml:16
function         baml.llm.prompt_template_for     <builtin>/baml/ns_llm/llm.baml:41
function         baml.llm.render_prompt           <builtin>/baml/ns_llm/llm.baml:48
function         baml.llm.build_request           <builtin>/baml/ns_llm/llm.baml:61
function         baml.llm.build_request_stream    <builtin>/baml/ns_llm/llm.baml:70
function         baml.llm.parse                   <builtin>/baml/ns_llm/llm.baml:93
function         baml.llm.call_llm_function       <builtin>/baml/ns_llm/llm.baml:103
function         baml.llm.stream_llm_function     <builtin>/baml/ns_llm/llm.baml:127
class            baml.llm.PromptMessage           <builtin>/baml/ns_llm/llm_types.baml:4
class            baml.llm.PromptAst               <builtin>/baml/ns_llm/llm_types.baml:19
class            baml.llm.OutputFormat            <builtin>/baml/ns_llm/llm_types.baml:49
class            baml.llm.Role                    <builtin>/baml/ns_llm/llm_types.baml:57
class            baml.llm.ContextClient           <builtin>/baml/ns_llm/llm_types.baml:69
class            baml.llm.Context                 <builtin>/baml/ns_llm/llm_types.baml:87
enum             baml.llm.ClientType              <builtin>/baml/ns_llm/llm_types.baml:118
class            baml.llm.RetryPolicy             <builtin>/baml/ns_llm/llm_types.baml:125
class            baml.llm.Client                  <builtin>/baml/ns_llm/llm_types.baml:156
class            baml.llm.MediaUrlHandler         <builtin>/baml/ns_llm/llm_types.baml:516
class            baml.llm.PrimitiveClientOptions  <builtin>/baml/ns_llm/llm_types.baml:523
class            baml.llm.AzureOpenAiOptions      <builtin>/baml/ns_llm/llm_types.baml:545
class            baml.llm.AnthropicOptions        <builtin>/baml/ns_llm/llm_types.baml:554
class            baml.llm.GoogleAiOptions         <builtin>/baml/ns_llm/llm_types.baml:564
class            baml.llm.VertexAiOptions         <builtin>/baml/ns_llm/llm_types.baml:578
class            baml.llm.BedrockOptions          <builtin>/baml/ns_llm/llm_types.baml:592
class            baml.llm.StreamAccumulator       <builtin>/baml/ns_llm/llm_types.baml:605
class            baml.llm.StreamCache             <builtin>/baml/ns_llm/llm_types.baml:641
class            baml.llm.Stream                  <builtin>/baml/ns_llm/llm_types.baml:657
class            baml.llm.PrimitiveClient         <builtin>/baml/ns_llm/llm_types.baml:722
function         baml.llm.from_shorthand          <builtin>/baml/ns_llm/llm_types.baml:806
function         baml.llm.get_jinja_template      <builtin>/baml/ns_llm/llm_types.baml:812
function         baml.llm.assemble_prompt_ast     <builtin>/baml/ns_llm/llm_types.baml:822
function         baml.llm.render_prompt_values    <builtin>/baml/ns_llm/llm_types.baml:836
function         baml.llm.render_output_format    <builtin>/baml/ns_llm/llm_types.baml:851
function         baml.llm.build_output_format     <builtin>/baml/ns_llm/llm_types.baml:858
function         baml.llm.build_prompt_context    <builtin>/baml/ns_llm/llm_types.baml:867
function         baml.llm.make_role               <builtin>/baml/ns_llm/llm_types.baml:883
function         baml.llm.prompt                  <builtin>/baml/ns_llm/llm_types.baml:895
function         baml.llm.get_return_type         <builtin>/baml/ns_llm/llm_types.baml:905
function         baml.llm.__sap_parse_final       <builtin>/baml/ns_llm/llm_types.baml:910
function         baml.llm.__sap_parse_partial     <builtin>/baml/ns_llm/llm_types.baml:915
