---
source: crates/baml_cli/src/describe_command_tests.rs
expression: output
---
class String  <builtin>/baml/string.baml:1

class String {
  //baml:mut_vm
  function to_json(self) -> baml.json.json {
    $rust_function
  }

  function length(self) -> int {
    $rust_function
  }

  function to_lower_case(self) -> string {
    $rust_function
  }

  ... skipped 40 lines ...
  function matches(self, pattern: string) -> bool {
    $rust_function
  }

  function replace_all(self, search: string, replacement: string) -> string {
    $rust_function
  }

  /// Encodes the string as UTF-8 bytes.
  function to_bytes(self) -> uint8array {
    $rust_function
  }
}

references (0):
