---
source: crates/baml_cli/src/describe_command_tests.rs
expression: output
---
function         baml.env.get                     <builtin>/baml/ns_env/env.baml:6
function         baml.env.get_or_panic            <builtin>/baml/ns_env/env.baml:11
class            baml.env.Ref                     <builtin>/baml/ns_env/env.baml:30
function         baml.env.ref                     <builtin>/baml/ns_env/env.baml:55
function         baml.env.get_or_panic_lenient    <builtin>/baml/ns_env/env.baml:67
