---
source: crates/baml_tests/src/generated_tests.rs
---
=== PPIR ===
function user.SplitCount(s: string) -> string  [expr] {
  {  } `...`
}
function user.StartsWith(s: string) -> string  [expr] {
  {  } `...`
}
function user.Trimmed(s: string) -> string  [expr] {
  {  } `...`
}
function user.Upper(s: string) -> string  [expr] {
  {  } `...`
}
