---
source: crates/baml_tests/src/compiler2_tir/phase5.rs
expression: output
---
namespace baml:
  class Array<T> { methods: [length, at, push, pop, concat, reverse, slice, join, map] }
  class Map<K, V> { methods: [length, has, keys, values, set, get, map, map_keys, map_values] }
  class String { methods: [length, toLowerCase, toUpperCase, trim, includes, startsWith, endsWith, split, substring, replace, indexOf, charAt, matches, replaceAll] }
  class Uint8Array { methods: [length, at, push, pop, concat, includes, reverse, slice, zeroes, from_array, to_array, from_hex, to_hex, from_base64, to_base64, sort] }
  function deep_copy<T>
  function deep_equals<T>
namespace baml.env:
  function get
  function get_or_panic
namespace baml.errors:
  class AccessError { methods: [] }
  class DevOther { methods: [] }
  class HostPanic { methods: [] }
  class InvalidArgument { methods: [] }
  class Io { methods: [] }
  class LlmClient { methods: [] }
  class NotImplemented { methods: [] }
  class RenderPrompt { methods: [] }
  class Timeout { methods: [] }
  class Unsupported { methods: [] }
namespace baml.fs:
  class File { methods: [read, close] }
  function open
namespace baml.http:
  class Request { methods: [] }
  class Response { methods: [text, bytes, ok] }
  function fetch
  function send
namespace baml.llm:
  class AnthropicOptions { methods: [] }
  class AzureOpenAiOptions { methods: [] }
  class BedrockOptions { methods: [] }
  class Client { methods: [to_primitive_client, get_constructor, build_attempt, build_attempt_with_state, build_plan, build_plan_with_state, execute, execute_once] }
  enum ClientType
  class ExecutionContext { methods: [] }
  class ExecutionResult { methods: [] }
  class MediaUrlHandler { methods: [] }
  class OrchestrationStep { methods: [] }
  class PlannerState { methods: [rr_local_offset, rr_pick_index] }
  class PrimitiveClient { methods: [render_prompt, specialize_prompt, build_request, parse] }
  class PrimitiveClientOptions { methods: [] }
  class PromptAst { methods: [] }
  class RetryPolicy { methods: [] }
  class VertexAiOptions { methods: [] }
  function __sap_parse<T>
  function build_request
  function call_llm_function<T>
  function get_jinja_template
  function get_return_type
  function parse<T>
  function render_prompt
namespace baml.math:
  function trunc
namespace baml.media:
  class Audio { methods: [url, file, base64, mime_type, from_url, from_file, from_base64] }
  class Image { methods: [url, file, base64, mime_type, from_url, from_file, from_base64] }
  class Pdf { methods: [url, file, base64, mime_type, from_url, from_file, from_base64] }
  class Video { methods: [url, file, base64, mime_type, from_url, from_file, from_base64] }
namespace baml.net:
  class Socket { methods: [read, close] }
  function connect
namespace baml.panics:
  class AllocFailure { methods: [] }
  class AssertionFailed { methods: [] }
  class DivisionByZero { methods: [] }
  class IndexOutOfBounds { methods: [] }
  class MapKeyNotFound { methods: [] }
  type Panic
  class StackOverflow { methods: [] }
  class Unreachable { methods: [] }
  class UserPanic { methods: [] }
namespace baml.sys:
  function now_ms
  function panic
  function shell
  function sleep
namespace baml.unstable:
  function string<T>
