---
source: crates/baml_tests/src/generated_tests.rs
---
=== COMPILER2 DIAGNOSTICS ===
  [parse] E0010

  × unexpected token
   ╭─[ambiguous_function.baml:5:1]
 5 │ }
   · ┬
   · ╰── expected `LLM function missing 'prompt' field`, found `'}'`
   ╰────

  [parse] E0010

  × unexpected token
   ╭─[ambiguous_function.baml:9:8]
 9 │   clent: GPT4
   ·        ┬
   ·        ╰── expected `expression`, found `':'`
   ╰────

  [parse] E0010

  × unexpected token
    ╭─[ambiguous_function.baml:10:9]
 10 │   prompt: `Process: ${input}`
    ·         ┬
    ·         ╰── expected `expression`, found `':'`
    ╰────

  [type] E0003

  × unresolved name: `GPT4`
   ╭─[llm_function.baml:2:11]
 2 │   client: GPT4
   ·           ────
   ╰────

  [type] E0003

  × unresolved name: `GPT4`
   ╭─[mixed_functions.baml:3:11]
 3 │   client: GPT4
   ·           ────
   ╰────

  [type] E0003

  × unresolved name: `GPT4`
   ╭─[mixed_functions.baml:3:11]
 3 │   client: GPT4
   ·           ────
   ╰────

  [type] E0003

  × unresolved name: `GPT4`
    ╭─[mixed_functions.baml:32:11]
 32 │   client: GPT4
    ·           ────
    ╰────

  [type] E0003

  × unresolved name: `GPT4`
    ╭─[mixed_functions.baml:32:11]
 32 │   client: GPT4
    ·           ────
    ╰────
