---
source: target/debug/build/baml_tests-5f3cea2866046cb1/out/generated_tests.rs
expression: output
---
=== HIR ITEMS ===
function Broken.MixedLiteralAndTyped(x: int) -> string {
    // missing body
}

function Broken.Invalid() -> <unknown> {
    // missing body
}

function Broken.BadUnionPattern(x: int | bool) -> string {
    // missing body
}

class Broken {
  field: int
}
