---
source: crates/baml_tests/src/generated_tests.rs
---
=== HIR2 ===
class user.Broken {
  field: int
}
function user.BadUnionPattern(x: int | bool) -> string  [expr] {
  {  } match (x) { let a: int | let b: bool => "bad" }
}
function user.Invalid() -> ?  [expr] {
  {  }
}
function user.MixedLiteralAndTyped(x: int) -> string  [expr] {
  {  } match (x) { 42 | let n: int => "mixed" }
}
