---
source: target/debug/build/baml_tests-5af6b621dd74eb70/out/generated_tests.rs
expression: output
---
=== TYPE INFERENCE ===
  Function BadUnionPattern:
    Return: Union([Unknown, Literal(String("bad"))])
    Errors:
      - Unknown type b
  Function Invalid:
    Return: Void
  Function MixedLiteralAndTyped:
    Return: Literal(String("mixed"))
