---
source: crates/baml_tests/src/generated_tests.rs
---
=== TIR2 ===
function user.test_array_map_pure() -> int[] throws never {
  { : int[]
    let items = [1, 2, 3] : int[]
    items.map((x) -> { ... }) : int[]
      (x) -> { ... } : (x: int) -> int
        {
          x * 2
        }
  }
}
lambda user.test_array_map_pure {
}
function user.test_array_map_throwing() -> int[] throws string {
  { : int[]
    let items = [1, 2, 3] : int[]
    items.map((x) -> { ... }) : int[]
      (x) -> { ... } : (x: int) -> int throws string
        {
          if (x == 2)
            {
              throw "found two"
            }
          x * 2
        }
  }
}
lambda user.test_array_map_throwing {
}
type user.ThrowingFn = () -> int throws string
function user.takes_throwing(f: () -> int throws string) -> int throws string {
  { : int
    f() : int
  }
}
type user.ThrowingFn$stream = unknown
function user.caught_may_fail(x: int) -> string throws string {
  { : "ok"
    if (x == 0 : bool) : void
      { : never
        throw "zero" : "zero"
      }
    "ok" : "ok"
  }
}
function user.test_no_catch() -> string throws string {
  { : string
    caught_may_fail(1) : string
  }
}
function user.test_catch_all() -> string throws never {
  { : string | "caught"
    catch (caught_may_fail(1) : string) : unknown
      catch (e)
        _ =>
          "caught" : "caught"
  }
}
function user.test_catch_string() -> string throws never {
  { : string | "caught string"
    catch (caught_may_fail(1) : string) : unknown
      catch (e)
        _: string =>
          "caught string" : "caught string"
  }
}
function user.test_catch_rethrow() -> string throws int {
  { : string
    catch (caught_may_fail(1) : string) : unknown
      catch (e)
        _ =>
          throw 42 : never
  }
}
function user.apply_inner(f: () -> int throws __throws_f) -> int throws __throws_f {
  { : int
    f() : int
  }
}
function user.apply_outer(g: () -> int throws __throws_g) -> int throws never {
  { : int
    apply_inner(g) : int
  }
  !! 224..234: callback parameter `g` has implicit effect polymorphism but is not directly invoked; call `g()` directly to propagate throws, or annotate with explicit `throws never` to opt out
}
function user.test_chained_pure() -> int throws never {
  { : int
    apply_outer(() -> int { ... }) : int
      () -> int { ... } : () -> 42
        {
          42
        }
  }
}
lambda user.test_chained_pure {
}
function user.test_chained_throwing() -> int throws never {
  { : int
    apply_outer(() -> int { ... }) : int
      () -> int { ... } : () -> never throws string
        {
          throw "deep"
        }
  }
}
lambda user.test_chained_throwing {
}
class user.PureHandler {
  run: () -> null
}
class user.ThrowingHandler {
  run: () -> null throws string
}
class user.MixedHandler {
  safe: () -> int
  risky: () -> int throws string
}
class user.MethodRunner {
  value: T
}
function user.MethodRunner.apply(self: user.MethodRunner, f: (unknown) -> int throws __throws_f) -> int throws __throws_f {
  { : int
    f<T>(self.value) : int
  }
}
function user.MethodRunner.apply_underdeclared(self: user.MethodRunner, f: (unknown) -> int throws __throws_f) -> int throws never {
  { : int
    f<T>(self.value) : int
  }
  !! 402..408: throws contract violation: `never` is missing throws from callback parameter `f`
}
function user.make_pure_handler() -> user.PureHandler throws never {
  { : user.PureHandler
    PureHandler { run: () -> null { ... } } : user.PureHandler
  }
}
lambda user.make_pure_handler {
}
function user.make_throwing_handler() -> user.ThrowingHandler throws never {
  { : user.ThrowingHandler
    ThrowingHandler { run: () -> null { ... } } : user.ThrowingHandler
  }
}
lambda user.make_throwing_handler {
}
function user.test_method_runner() -> int throws never {
  { : int
    let runner = MethodRunner { value: 1 } : user.MethodRunner<int>
    runner.apply((x: int) -> int { ... }) : int
      (x: int) -> int { ... } : (x: int) -> int
        {
          x + 1
        }
  }
}
lambda user.test_method_runner {
}
class user.PureHandler$stream {
  run: unknown
}
class user.ThrowingHandler$stream {
  run: unknown
}
class user.MixedHandler$stream {
  safe: unknown
  risky: unknown
}
class user.MethodRunner$stream {
  value: null | unknown
}
function user.compose<A, B, C>(f: (A) -> B throws __throws_f, g: (B) -> C throws __throws_g) -> (A) -> C throws never {
  { : never
    return : (a: A) -> C throws __throws_f | __throws_g
      (a: A) -> C { ... } : (a: A) -> C throws __throws_f | __throws_g
        {
          g(f(a))
        }
  }
  !! 511..520: callback parameter `f` has implicit effect polymorphism but is not directly invoked; call `f()` directly to propagate throws, or annotate with explicit `throws never` to opt out
  !! 526..535: callback parameter `g` has implicit effect polymorphism but is not directly invoked; call `g()` directly to propagate throws, or annotate with explicit `throws never` to opt out
}
lambda user.compose {
}
function user.test_compose_pure() -> (int) -> string throws never {
  { : (int) -> string | "result"
    compose<A, B, C>((x: int) -> int { ... }, (y: int) -> string { ... }) : (int) -> string | "result"
      (x: int) -> int { ... } : (x: int) -> int
        {
          x * 2
        }
      (y: int) -> string { ... } : (y: int) -> "result"
        {
          "result"
        }
  }
}
lambda user.test_compose_pure {
}
lambda user.test_compose_pure {
}
function user.test_compose_first_throws() -> (int) -> string throws never {
  { : (int) -> string | "result"
    compose<A, B, C>((x: int) -> int { ... }, (y: int) -> string { ... }) : (int) -> string | "result"
      (x: int) -> int { ... } : (x: int) -> never throws string
        {
          throw "f failed"
        }
      (y: int) -> string { ... } : (y: int) -> "result"
        {
          "result"
        }
  }
}
lambda user.test_compose_first_throws {
}
lambda user.test_compose_first_throws {
}
function user.test_compose_second_throws() -> (int) -> string throws never {
  { : (int) -> string | never
    compose<A, B, C>((x: int) -> int { ... }, (y: int) -> string { ... }) : (int) -> string | never
      (x: int) -> int { ... } : (x: int) -> int
        {
          x * 2
        }
      (y: int) -> string { ... } : (y: int) -> never throws string
        {
          throw "g failed"
        }
  }
}
lambda user.test_compose_second_throws {
}
lambda user.test_compose_second_throws {
}
function user.test_compose_both_throw() -> (int) -> string throws never {
  { : (int) -> string | never
    compose<A, B, C>((x: int) -> int { ... }, (y: int) -> string { ... }) : (int) -> string | never
      (x: int) -> int { ... } : (x: int) -> never throws string
        {
          throw "string error"
        }
      (y: int) -> string { ... } : (y: int) -> never throws int
        {
          throw 42
        }
  }
}
lambda user.test_compose_both_throw {
}
lambda user.test_compose_both_throw {
}
enum user.ErrorKind
class user.ApiError {
  code: int
  message: string
}
class user.ValidationError {
  field: string
  reason: string
}
function user.throw_enum_variant(x: int) -> string throws user.ErrorKind {
  { : "ok"
    if (x == 0 : bool) : void
      { : never
        throw ErrorKind.NotFound : user.ErrorKind.NotFound
      }
    if (x == 1 : bool) : void
      { : never
        throw ErrorKind.Unauthorized : user.ErrorKind.Unauthorized
      }
    "ok" : "ok"
  }
}
function user.test_lambda_throws_enum() -> int throws user.ErrorKind.ValidationFailed {
  { : never
    let f = : () -> never throws user.ErrorKind.ValidationFailed
      () -> int { ... } : () -> never throws user.ErrorKind.ValidationFailed
        {
          throw ErrorKind.ValidationFailed
        }
    f() : never
  }
}
lambda user.test_lambda_throws_enum {
}
function user.throw_class_instance(x: int) -> string throws user.ApiError {
  { : "ok"
    if (x < 0 : bool) : void
      { : never
        throw ApiError { code: 500, message: "internal error" } : user.ApiError
      }
    "ok" : "ok"
  }
}
function user.test_lambda_throws_class() -> int throws user.ValidationError {
  { : never
    let f = : () -> never throws user.ValidationError
      () -> int { ... } : () -> never throws user.ValidationError
        {
          throw ValidationError { field: "email", reason: "invalid format" }
        }
    f() : never
  }
}
lambda user.test_lambda_throws_class {
}
function user.throw_various_errors(x: int) -> string throws user.ErrorKind {
  { : "ok"
    match (x : int) : "ok"
      0 =>
        throw ErrorKind.NotFound : never
      1 =>
        throw ErrorKind.Unauthorized : never
      2 =>
        throw ErrorKind.ValidationFailed : never
      _ =>
        "ok" : "ok"
  }
}
function user.throw_mixed_classes(x: int) -> string throws user.ApiError | user.ValidationError {
  { : "ok"
    if (x == 0 : bool) : void
      { : never
        throw ApiError { code: 404, message: "not found" } : user.ApiError
      }
    if (x == 1 : bool) : void
      { : never
        throw ValidationError { field: "id", reason: "required" } : user.ValidationError
      }
    "ok" : "ok"
  }
}
function user.throw_enum_or_class(x: int) -> string throws user.ErrorKind | user.ApiError {
  { : "ok"
    if (x == 0 : bool) : void
      { : never
        throw ErrorKind.RateLimited : user.ErrorKind.RateLimited
      }
    if (x == 1 : bool) : void
      { : never
        throw ApiError { code: 503, message: "unavailable" } : user.ApiError
      }
    "ok" : "ok"
  }
}
function user.throw_any_error(x: int) -> string throws string | user.ErrorKind | user.ApiError {
  { : "ok"
    match (x : int) : "ok"
      0 =>
        throw "simple string error" : never
      1 =>
        throw ErrorKind.NotFound : never
      2 =>
        throw ApiError { code: 400, message: "bad request" } : never
      _ =>
        "ok" : "ok"
  }
}
function user.apply_may_throw_enum(f: () -> int throws user.ErrorKind) -> int throws user.ErrorKind {
  { : int
    f() : int
  }
}
function user.test_apply_enum_thrower() -> int throws user.ErrorKind {
  { : int
    apply_may_throw_enum(() -> int { ... }) : int
      () -> int { ... } : () -> never throws user.ErrorKind.Unauthorized
        {
          throw ErrorKind.Unauthorized
        }
  }
}
lambda user.test_apply_enum_thrower {
}
function user.apply_may_throw_class(f: () -> int throws user.ApiError) -> int throws user.ApiError {
  { : int
    f() : int
  }
}
function user.test_apply_class_thrower() -> int throws user.ApiError {
  { : int
    apply_may_throw_class(() -> int { ... }) : int
      () -> int { ... } : () -> never throws user.ApiError
        {
          throw ApiError { code: 401, message: "unauthorized" }
        }
  }
}
lambda user.test_apply_class_thrower {
}
function user.apply_generic_enum(f: () -> int throws __throws_f) -> int throws __throws_f {
  { : int
    f() : int
  }
}
function user.test_rethrows_enum() -> int throws user.ErrorKind.NotFound {
  { : int
    apply_generic_enum(() -> int { ... }) : int
      () -> int { ... } : () -> never throws user.ErrorKind.NotFound
        {
          throw ErrorKind.NotFound
        }
  }
}
lambda user.test_rethrows_enum {
}
function user.apply_generic_class(f: () -> int throws __throws_f) -> int throws __throws_f {
  { : int
    f() : int
  }
}
function user.test_rethrows_class() -> int throws user.ValidationError {
  { : int
    apply_generic_class(() -> int { ... }) : int
      () -> int { ... } : () -> never throws user.ValidationError
        {
          throw ValidationError { field: "name", reason: "too short" }
        }
  }
}
lambda user.test_rethrows_class {
}
function user.catch_enum_variants(x: int) -> string throws never {
  { : string | "not found" | "unauthorized" | "other error"
    catch (throw_enum_variant(x) : string) : unknown
      catch (e)
        ErrorKind.NotFound =>
          "not found" : "not found"
        ErrorKind.Unauthorized =>
          "unauthorized" : "unauthorized"
        _ =>
          "other error" : "other error"
  }
}
function user.catch_class_error(x: int) -> string throws never {
  { : string
    catch (throw_class_instance(x) : string) : unknown
      catch (e)
        _: ApiError =>
          "api error: " + e.message : string
  }
}
function user.catch_mixed_errors(x: int) -> string throws never {
  { : string | "rate limited" | "api error" | "unknown"
    catch (throw_enum_or_class(x) : string) : unknown
      catch (e)
        ErrorKind.RateLimited =>
          "rate limited" : "rate limited"
        _: ApiError =>
          "api error" : "api error"
        _ =>
          "unknown" : "unknown"
  }
}
class user.EnumThrowingHandler {
  run: () -> null throws user.ErrorKind
}
class user.ClassThrowingHandler {
  run: () -> null throws user.ApiError
}
class user.MixedThrowingHandler {
  run: () -> null throws user.ErrorKind | user.ApiError
}
function user.make_enum_handler() -> user.EnumThrowingHandler throws never {
  { : user.EnumThrowingHandler
    EnumThrowingHandler { run: () -> null { ... } } : user.EnumThrowingHandler
  }
}
lambda user.make_enum_handler {
}
function user.make_class_handler() -> user.ClassThrowingHandler throws never {
  { : user.ClassThrowingHandler
    ClassThrowingHandler { run: () -> null { ... } } : user.ClassThrowingHandler
  }
}
lambda user.make_class_handler {
}
type user.EnumThrower = () -> int throws user.ErrorKind
type user.ClassThrower = () -> int throws user.ApiError
type user.MixedThrower = () -> int throws user.ErrorKind | user.ApiError | string
function user.use_enum_thrower(f: user.EnumThrower) -> int throws user.ErrorKind {
  { : int
    f() : int
  }
}
function user.use_class_thrower(f: user.ClassThrower) -> int throws user.ApiError {
  { : int
    f() : int
  }
}
function user.use_mixed_thrower(f: user.MixedThrower) -> int throws user.ApiError | user.ErrorKind | string {
  { : int
    f() : int
  }
}
function user.test_type_alias_enum() -> int throws user.ErrorKind {
  { : int
    use_enum_thrower(() -> int { ... }) : int
      () -> int { ... } : () -> never throws user.ErrorKind.ValidationFailed
        {
          throw ErrorKind.ValidationFailed
        }
  }
}
lambda user.test_type_alias_enum {
}
function user.test_type_alias_class() -> int throws user.ApiError {
  { : int
    use_class_thrower(() -> int { ... }) : int
      () -> int { ... } : () -> never throws user.ApiError
        {
          throw ApiError { code: 422, message: "invalid" }
        }
  }
}
lambda user.test_type_alias_class {
}
function user.test_type_alias_mixed() -> int throws user.ApiError | user.ErrorKind | string {
  { : int
    use_mixed_thrower(() -> int { ... }) : int
      () -> int { ... } : () -> never throws string
        {
          throw "string error"
        }
  }
}
lambda user.test_type_alias_mixed {
}
class user.ApiError$stream {
  code: null | int
  message: null | string
}
class user.ValidationError$stream {
  field: null | string
  reason: null | string
}
class user.EnumThrowingHandler$stream {
  run: unknown
}
class user.ClassThrowingHandler$stream {
  run: unknown
}
class user.MixedThrowingHandler$stream {
  run: unknown
}
type user.EnumThrower$stream = unknown
type user.ClassThrower$stream = unknown
type user.MixedThrower$stream = unknown
function user.apply_explicit(f: () -> int throws string) -> int throws string {
  { : int
    f() : int
  }
}
function user.test_explicit_param_pure() -> int throws string {
  { : int
    apply_explicit(() -> int { ... }) : int
      () -> int { ... } : () -> 42
        {
          42
        }
  }
}
lambda user.test_explicit_param_pure {
}
function user.test_explicit_param_throwing() -> int throws string {
  { : int
    apply_explicit(() -> int { ... }) : int
      () -> int { ... } : () -> never throws string
        {
          throw "ok"
        }
  }
}
lambda user.test_explicit_param_throwing {
}
function user.apply_pure_only(f: () -> int) -> int throws never {
  { : int
    f() : int
  }
}
function user.test_pure_only_pure() -> int throws never {
  { : int
    apply_pure_only(() -> int { ... }) : int
      () -> int { ... } : () -> 42
        {
          42
        }
  }
}
lambda user.test_pure_only_pure {
}
function user.declared_may_fail(x: int) -> string throws string {
  { : "ok"
    if (x == 0 : bool) : void
      { : never
        throw "zero" : "zero"
      }
    "ok" : "ok"
  }
}
function user.always_ok(x: int) -> string throws never {
  { : "always ok"
    "always ok" : "always ok"
  }
}
function user.caller() -> string throws string {
  { : string
    declared_may_fail(1) : string
  }
}
function user.safe_caller() -> string throws never {
  { : string | "caught"
    catch (declared_may_fail(1) : string) : unknown
      catch (e)
        _ =>
          "caught" : "caught"
  }
}
type user.ThrowingCallback = () -> int throws string
type user.PureCallback = () -> int
type user.ExplicitPure = () -> int
type user.NoThrow = never
type user.AliasPure = () -> int throws user.NoThrow
type user.Mapper = (int) -> string throws string
type user.Wrapper = (() -> int) -> int throws string
function user.use_alias_pure(f: user.AliasPure) -> int throws user.NoThrow {
  { : int
    f() : int
  }
}
type user.ThrowingCallback$stream = unknown
type user.PureCallback$stream = unknown
type user.ExplicitPure$stream = unknown
type user.NoThrow$stream = never
type user.AliasPure$stream = unknown
type user.Mapper$stream = unknown
type user.Wrapper$stream = unknown
class user.Wrapper {
  inner: T
}
function user.unwrap<T>(w: user.Wrapper<T>) -> T throws never {
  { : unknown
    w.inner : unknown
  }
  !! 201..206: type `(() -> int) -> int throws string` has no member `inner`
  !! 196..206: type mismatch: expected T, got unknown
}
function user.test_unwrap_int() -> int throws never {
  { : int
    unwrap<T>(Wrapper { inner: 42 }) : int
  }
}
function user.test_unwrap_string() -> string throws never {
  { : string
    unwrap<T>(Wrapper { inner: "hello" }) : string
  }
}
class user.Wrapper$stream {
  inner: null | unknown
}
class user.Handler {
  run: () -> null throws E
}
function user.use_string_handler(h: user.Handler<string>) -> null throws string {
  { : null
    h.run() : null
  }
}
function user.use_int_handler(h: user.Handler<int>) -> null throws int {
  { : null
    h.run() : null
  }
}
function user.make_string_handler() -> user.Handler<string> throws never {
  { : user.Handler<string>
    Handler { run: () -> null { ... } } : user.Handler<string>
  }
}
lambda user.make_string_handler {
}
function user.make_int_handler() -> user.Handler<int> throws never {
  { : user.Handler<int>
    Handler { run: () -> null { ... } } : user.Handler<int>
  }
}
lambda user.make_int_handler {
}
function user.test_string_handler() -> null throws never {
  { : null
    use_string_handler(make_string_handler()) : null
  }
}
function user.test_int_handler() -> null throws never {
  { : null
    use_int_handler(make_int_handler()) : null
  }
}
class user.Handler$stream {
  run: unknown
}
class user.Box {
  value: T
}
function user.take_string_box(b: user.Box<string>) -> null throws never {
  { : null
    null : null
  }
}
function user.bad_box_mismatch() -> null throws never {
  { : null
    take_string_box(Box { value: 1 }) : null
  }
  !! 323..344: type mismatch: expected user.Box<string>, got user.Box<int>
}
class user.Box$stream {
  value: null | unknown
}
class user.Task {
  name: string
  run: () -> null throws E
}
function user.run_tasks(tasks: user.Task<string | int>[]) -> null throws int | string {
  { : null
    for task in tasks
      { : null
        task.run() : null
      }
    null : null
  }
}
function user.make_mixed_tasks() -> user.Task<string | int>[] throws never {
  { : user.Task<string | int>[]
    [Task { name: "a", run: () -> null { ... } }, Task { name: "b", run: () -> null { ... } }] : user.Task<string | int>[]
  }
}
lambda user.make_mixed_tasks {
}
lambda user.make_mixed_tasks {
}
function user.test_run_mixed_tasks() -> null throws never {
  { : null
    run_tasks(make_mixed_tasks()) : null
  }
}
class user.Task$stream {
  name: null | string
  run: unknown
}
function user.apply_guarded(f: () -> int throws __throws_f) -> int throws __throws_f | string {
  { : int
    let result = f() : int
    if (result < 0 : bool) : void
      { : never
        throw "negative result" : "negative result"
      }
    result : int
  }
}
function user.test_guarded_pure() -> int throws string {
  { : int
    apply_guarded(() -> int { ... }) : int
      () -> int { ... } : () -> 42
        {
          42
        }
  }
}
lambda user.test_guarded_pure {
}
function user.test_guarded_throwing() -> int throws int | string {
  { : int
    apply_guarded(() -> int { ... }) : int
      () -> int { ... } : () -> never throws int
        {
          throw 99
        }
  }
}
lambda user.test_guarded_throwing {
}
function user.run_pure(f: () -> int throws __throws_f) -> int throws __throws_f {
  { : int
    f() : int
  }
}
function user.test_run_pure() -> int throws never {
  { : int
    run_pure(() -> int { ... }) : int
      () -> int { ... } : () -> 42
        {
          42
        }
  }
}
lambda user.test_run_pure {
}
function user.run_throwing(f: () -> int throws __throws_f) -> int throws __throws_f {
  { : int
    f() : int
  }
}
function user.test_run_throwing() -> int throws string {
  { : int
    run_throwing(() -> int { ... }) : int
      () -> int { ... } : () -> never throws string
        {
          throw "boom"
        }
  }
}
lambda user.test_run_throwing {
}
function user.run_two(f: () -> int throws __throws_f, g: () -> int throws __throws_g) -> int throws __throws_f | __throws_g {
  { : int
    f() + g() : int
  }
}
function user.test_two_pure() -> int throws never {
  { : int
    run_two(() -> int { ... }, () -> int { ... }) : int
      () -> int { ... } : () -> 1
        {
          1
        }
      () -> int { ... } : () -> 2
        {
          2
        }
  }
}
lambda user.test_two_pure {
}
lambda user.test_two_pure {
}
function user.test_two_one_throws() -> int throws string {
  { : int
    run_two(() -> int { ... }, () -> int { ... }) : int
      () -> int { ... } : () -> 1
        {
          1
        }
      () -> int { ... } : () -> never throws string
        {
          throw "boom"
        }
  }
}
lambda user.test_two_one_throws {
}
lambda user.test_two_one_throws {
}
function user.test_two_both_throw() -> int throws int | string {
  { : int
    run_two(() -> int { ... }, () -> int { ... }) : int
      () -> int { ... } : () -> never throws string
        {
          throw "a"
        }
      () -> int { ... } : () -> never throws int
        {
          throw 42
        }
  }
}
lambda user.test_two_both_throw {
}
lambda user.test_two_both_throw {
}
function user.map_it(x: int, f: (int) -> string throws __throws_f) -> string throws __throws_f {
  { : string
    f(x) : string
  }
}
function user.test_map_it_pure() -> string throws never {
  { : string
    map_it(1, (n: int) -> string { ... }) : string
      (n: int) -> string { ... } : (n: int) -> "ok"
        {
          "ok"
        }
  }
}
lambda user.test_map_it_pure {
}
function user.test_map_it_throwing() -> string throws string {
  { : string
    map_it(1, (n: int) -> string { ... }) : string
      (n: int) -> string { ... } : (n: int) -> never throws string
        {
          throw "bad"
        }
  }
}
lambda user.test_map_it_throwing {
}
function user.apply(f: () -> int throws __throws_f) -> int throws __throws_f {
  { : int
    f() : int
  }
}
function user.test_apply_pure() -> int throws never {
  { : int
    apply(() -> int { ... }) : int
      () -> int { ... } : () -> 42
        {
          42
        }
  }
}
lambda user.test_apply_pure {
}
function user.test_apply_throwing() -> int throws string {
  { : int
    apply(() -> int { ... }) : int
      () -> int { ... } : () -> never throws string
        {
          throw "boom"
        }
  }
}
lambda user.test_apply_throwing {
}
function user.apply_throwing(f: () -> int throws string) -> int throws string {
  { : int
    f() : int
  }
}
function user.test_apply_explicit_throws() -> int throws string {
  { : int
    apply_throwing(() -> int { ... }) : int
      () -> int { ... } : () -> never throws string
        {
          throw "boom"
        }
  }
}
lambda user.test_apply_explicit_throws {
}
function user.apply_and_throw(f: () -> int throws __throws_f) -> int throws __throws_f | string {
  { : int
    let result = f() : int
    if (result < 0 : bool) : void
      { : never
        throw "negative result" : "negative result"
      }
    result : int
  }
}
function user.test_apply_and_throw_pure() -> int throws string {
  { : int
    apply_and_throw(() -> int { ... }) : int
      () -> int { ... } : () -> 42
        {
          42
        }
  }
}
lambda user.test_apply_and_throw_pure {
}
function user.helper_with_body_throw() -> int throws string {
  { : never
    throw "helper boom" : "helper boom"
  }
}
function user.apply_with_helper(f: () -> int throws __throws_f) -> int throws __throws_f | string {
  { : int
    helper_with_body_throw() : int
    f() : int
  }
}
function user.test_apply_with_helper_pure() -> int throws string {
  { : int
    apply_with_helper(() -> int { ... }) : int
      () -> int { ... } : () -> 42
        {
          42
        }
  }
}
lambda user.test_apply_with_helper_pure {
}
function user.test_apply_with_helper_throwing() -> int throws int | string {
  { : int
    apply_with_helper(() -> int { ... }) : int
      () -> int { ... } : () -> never throws int
        {
          throw 42
        }
  }
}
lambda user.test_apply_with_helper_throwing {
}
function user.apply_underdeclared(f: () -> int throws __throws_f) -> int throws never {
  { : int
    f() : int
  }
  !! 1490..1496: throws contract violation: `never` is missing throws from callback parameter `f`
}
function user.ignore_callback(f: () -> int throws __throws_f) -> int throws never {
  { : 42
    42 : 42
  }
  !! 1700..1710: callback parameter `f` has implicit effect polymorphism but is not directly invoked; call `f()` directly to propagate throws, or annotate with explicit `throws never` to opt out
}
function user.test_ignore_callback_throwing() -> int throws never {
  { : int
    ignore_callback(() -> int { ... }) : int
      () -> int { ... } : () -> never throws string
        {
          throw "unused"
        }
  }
}
lambda user.test_ignore_callback_throwing {
}
function user.apply_aliased(f: () -> int throws __throws_f) -> int throws never {
  { : int
    let g = f : () -> int throws __throws_f
    g() : int
  }
  !! 2077..2087: callback parameter `f` has implicit effect polymorphism but is not directly invoked; call `f()` directly to propagate throws, or annotate with explicit `throws never` to opt out
}
function user.test_apply_aliased_throwing() -> int throws never {
  { : int
    apply_aliased(() -> int { ... }) : int
      () -> int { ... } : () -> never throws string
        {
          throw "aliased"
        }
  }
}
lambda user.test_apply_aliased_throwing {
}
function user.ignore_callback_but_throw(f: () -> int throws __throws_f) -> int throws string {
  { : int
    helper_with_body_throw() : int
  }
  !! 2426..2436: callback parameter `f` has implicit effect polymorphism but is not directly invoked; call `f()` directly to propagate throws, or annotate with explicit `throws never` to opt out
}
function user.test_ignore_callback_but_throw() -> int throws string {
  { : int
    ignore_callback_but_throw(() -> int { ... }) : int
      () -> int { ... } : () -> never throws int
        {
          throw 42
        }
  }
}
lambda user.test_ignore_callback_but_throw {
}
function user.test_explicit_throws_match() -> int throws string {
  { : never
    let f = : () -> never throws string
      () -> int throws string { ... } : () -> never throws string
        {
          throw "boom"
        }
    f() : never
  }
}
lambda user.test_explicit_throws_match {
}
function user.test_explicit_throws_never_pure() -> int throws never {
  { : 42
    let f = : () -> 42
      () -> int throws never { ... } : () -> 42
        {
          42
        }
    f() : 42
  }
}
lambda user.test_explicit_throws_never_pure {
}
function user.test_explicit_throws_wider_than_body() -> int throws string {
  { : 42
    let f = : () -> 42 throws string
      () -> int throws string { ... } : () -> 42 throws string
        {
          42
        }
    f() : 42
  }
}
lambda user.test_explicit_throws_wider_than_body {
  ?? 547..554: extraneous throws declaration: string
}
function user.test_pure_lambda() -> int throws never {
  { : 42
    let f = : () -> 42
      () -> int { ... } : () -> 42
        {
          42
        }
    f() : 42
  }
}
lambda user.test_pure_lambda {
}
function user.test_throwing_lambda() -> int throws string {
  { : never
    let f = : () -> never throws string
      () -> int { ... } : () -> never throws string
        {
          throw "boom"
        }
    f() : never
  }
}
lambda user.test_throwing_lambda {
}
function user.test_throwing_int() -> string throws int {
  { : never
    let f = : () -> never throws int
      () -> string { ... } : () -> never throws int
        {
          throw 42
        }
    f() : never
  }
}
lambda user.test_throwing_int {
}
function user.test_conditional_throw(x: int) -> int throws string {
  { : int
    let f = : (n: int) -> int throws string
      (n: int) -> int { ... } : (n: int) -> int throws string
        {
          if (n < 0)
            {
              throw "negative"
            }
          n
        }
    f(x) : int
  }
}
lambda user.test_conditional_throw {
}
function user.test_multi_throw_types(x: int) -> string throws int | string {
  { : "ok"
    let f = : (n: int) -> "ok" throws int | string
      (n: int) -> string { ... } : (n: int) -> "ok" throws int | string
        {
          match (n) { 0 => throw "string error", 1 => throw 1, _ => "ok" }
        }
    f(x) : "ok"
  }
}
lambda user.test_multi_throw_types {
}
function user.test_throws_never_but_throws() -> int throws never {
  { : never
    let f = : () -> never
      () -> int throws never { ... } : () -> never
        {
          throw "boom"
        }
    f() : never
  }
}
lambda user.test_throws_never_but_throws {
  !! 213..219: throws contract violation: `never` is missing string
}
function user.test_typed_lambda_throws_mismatch() -> int throws int {
  { : never
    let f = : () -> never throws int
      () -> int { ... } : () -> never throws int
        {
          throw 42
        }
    f() : never
  }
  !! 419..442: type mismatch: expected () -> int throws string, got () -> never throws int
}
lambda user.test_typed_lambda_throws_mismatch {
}
function user.test_typed_lambda_annotation_underdeclares_body() -> int throws string {
  { : never
    let f = : () -> never throws string
      () -> int throws string { ... } : () -> never throws string
        {
          throw 42
        }
    f() : never
  }
}
lambda user.test_typed_lambda_annotation_underdeclares_body {
  !! 654..661: throws contract violation: `string` is missing int
  ?? 654..661: extraneous throws declaration: string
}
function user.apply_with_arg(x: int, f: (int) -> int throws __throws_f) -> int throws __throws_f {
  { : int
    f(x) : int
  }
}
function user.test_mixed_pure() -> int throws never {
  { : int
    apply_with_arg(5, (n: int) -> int { ... }) : int
      (n: int) -> int { ... } : (n: int) -> int
        {
          n * 2
        }
  }
}
lambda user.test_mixed_pure {
}
function user.test_mixed_throwing() -> int throws string {
  { : int
    apply_with_arg(5, (n: int) -> int { ... }) : int
      (n: int) -> int { ... } : (n: int) -> int throws string
        {
          if (n < 0)
            {
              throw "negative"
            }
          n * 2
        }
  }
}
lambda user.test_mixed_throwing {
}
function user.apply_with_many_args(a: int, b: string, f: (int, string) -> string throws __throws_f) -> string throws __throws_f {
  { : string
    f(a, b) : string
  }
}
function user.test_many_args_pure() -> string throws never {
  { : string
    apply_with_many_args(1, "hello", (n: int, s: string) -> string { ... }) : string
      (n: int, s: string) -> string { ... } : (n: int, s: string) -> string
        {
          s
        }
  }
}
lambda user.test_many_args_pure {
}
function user.test_nested_inner_throws() -> int throws string {
  { : never
    let outer = : () -> never throws string
      () -> int { ... } : () -> never throws string
        {
          let inner = ...
            () -> int { ... }
              {
                throw "inner boom"
              }
          inner()
        }
    outer() : never
  }
}
lambda user.test_nested_inner_throws {
}
lambda user.test_nested_inner_throws {
}
function user.test_nested_outer_throws() -> int throws string {
  { : never
    let outer = : () -> never throws string
      () -> int { ... } : () -> never throws string
        {
          let inner = ...
            () -> int { ... }
              {
                42
              }
          throw "outer boom"
        }
    outer() : never
  }
}
lambda user.test_nested_outer_throws {
}
lambda user.test_nested_outer_throws {
}
function user.test_nested_both_throw() -> int throws int | string {
  { : never
    let outer = : () -> never throws int | string
      () -> int { ... } : () -> never throws int | string
        {
          let inner = ...
            () -> int { ... }
              {
                throw 42
              }
          inner()
          throw "outer"
        }
    outer() : never
  }
  ?? 0..0: unreachable code: 1 statement(s) after diverging statement
}
lambda user.test_nested_both_throw {
  ?? 568..575: unreachable code: 1 statement(s) after diverging statement
}
lambda user.test_nested_both_throw {
}
function user.optional_call_rethrows(cb: (() -> int throws string)?) -> int? throws string {
  { : int?
    cb?.() : int?
  }
}
function user.optional_call_caught(cb: (() -> int throws string)?) -> int? throws never {
  { : int? | null
    catch (cb?.() : int?) : unknown
      catch (e)
        _ =>
          null : null
  }
}
function user.test_optional_call_with_throwing_callback() -> int? throws string {
  { : int?
    optional_call_rethrows(() -> int { ... }) : int?
      () -> int { ... } : () -> never throws string
        {
          throw "boom"
        }
  }
}
lambda user.test_optional_call_with_throwing_callback {
}
function user.make_pure() -> () -> int throws never {
  { : never
    return : () -> 42
      () -> int { ... } : () -> 42
        {
          42
        }
  }
}
lambda user.make_pure {
}
function user.make_thrower() -> () -> int throws string throws never {
  { : never
    return : () -> never throws string
      () -> int { ... } : () -> never throws string
        {
          throw "error"
        }
  }
}
lambda user.make_thrower {
}
function user.test_use_pure() -> int throws never {
  { : int
    let f = make_pure() : () -> int
    f() : int
  }
}
function user.test_use_thrower() -> int throws string {
  { : int
    let f = make_thrower() : () -> int throws string
    f() : int
  }
}
class user.StoredPureHandler {
  run: () -> null
}
function user.make_bad_stored_handler() -> user.StoredPureHandler throws never {
  { : user.StoredPureHandler
    StoredPureHandler { run: () -> null { ... } } : user.StoredPureHandler
  }
  !! 378..407: function whose escaping throws are string cannot be stored in a position typed `throws never`; add an explicit `throws` annotation to the stored function type
}
lambda user.make_bad_stored_handler {
}
function user.make_good_stored_handler() -> user.StoredPureHandler throws never {
  { : user.StoredPureHandler
    StoredPureHandler { run: () -> null { ... } } : user.StoredPureHandler
  }
}
lambda user.make_good_stored_handler {
}
class user.StoredThrowingHandler {
  run: () -> null throws string
}
function user.make_stored_throwing_handler() -> user.StoredThrowingHandler throws never {
  { : user.StoredThrowingHandler
    StoredThrowingHandler { run: () -> null { ... } } : user.StoredThrowingHandler
  }
}
lambda user.make_stored_throwing_handler {
}
function user.test_stored_local_error() -> null throws never {
  { : null
    let f = : () -> never throws string
      () -> null { ... } : () -> never throws string
        {
          throw "oops"
        }
    null : null
  }
  !! 1059..1087: function whose escaping throws are string cannot be stored in a position typed `throws never`; add an explicit `throws` annotation to the stored function type
}
lambda user.test_stored_local_error {
}
function user.test_stored_local_shape_mismatch() -> null throws never {
  { : null
    let f = : () -> never throws string
      () -> null { ... } : () -> never throws string
        {
          throw "oops"
        }
    null : null
  }
  !! 1283..1311: expected 1 argument(s), got 0
  !! 1283..1311: type mismatch: expected (int) -> null, got () -> never throws string
}
lambda user.test_stored_local_shape_mismatch {
}
function user.test_stored_local_ok() -> null throws never {
  { : null
    let f = : () -> null
      () -> null { ... } : () -> null
        {
          null
        }
    null : null
  }
}
lambda user.test_stored_local_ok {
}
function user.test_stored_local_with_throws() -> null throws never {
  { : null
    let f = : () -> never throws string
      () -> null { ... } : () -> never throws string
        {
          throw "oops"
        }
    null : null
  }
}
lambda user.test_stored_local_with_throws {
}
type user.StoredPureCb = () -> int
function user.test_stored_alias_error() -> null throws never {
  { : null
    let cb = : () -> never throws string
      () -> int { ... } : () -> never throws string
        {
          throw "error"
        }
    null : null
  }
  !! 1875..1903: function whose escaping throws are string cannot be stored in a position typed `throws never`; add an explicit `throws` annotation to the stored function type
}
lambda user.test_stored_alias_error {
}
function user.test_stored_alias_ok() -> null throws never {
  { : null
    let cb = : () -> 42
      () -> int { ... } : () -> 42
        {
          42
        }
    null : null
  }
}
lambda user.test_stored_alias_ok {
}
function user.make_stored_closure_bad() -> () -> int throws never {
  { : never
    return : () -> never throws string
      () -> int { ... } : () -> never throws string
        {
          throw "oops"
        }
  }
  !! 2204..2231: function whose escaping throws are string cannot be stored in a position typed `throws never`; add an explicit `throws` annotation to the stored function type
}
lambda user.make_stored_closure_bad {
}
function user.make_stored_closure_good() -> () -> int throws never {
  { : never
    return : () -> 42
      () -> int { ... } : () -> 42
        {
          42
        }
  }
}
lambda user.make_stored_closure_good {
}
function user.make_stored_closure_with_throws() -> () -> int throws string throws never {
  { : never
    return : () -> never throws string
      () -> int { ... } : () -> never throws string
        {
          throw "oops"
        }
  }
}
lambda user.make_stored_closure_with_throws {
}
function user.test_store_direct_callback_param(f: () -> int throws __throws_f) -> int throws never {
  { : int
    let stored = f : () -> int throws __throws_f
    stored() : int
  }
  !! 2835..2845: callback parameter `f` has implicit effect polymorphism but is not directly invoked; call `f()` directly to propagate throws, or annotate with explicit `throws never` to opt out
  !! 2882..2883: function whose escaping throws are throws from callback parameter `f` cannot be stored in a position typed `throws never`; add an explicit `throws` annotation to the stored function type
}
class user.StoredPureHandler$stream {
  run: unknown
}
class user.StoredThrowingHandler$stream {
  run: unknown
}
type user.StoredPureCb$stream = unknown
