---
source: crates/baml_tests/src/generated_tests.rs
---
Slash "/"
Slash "/"
Word "Group"
Word "A"
Colon ":"
Word "attribute"
Word "ordering"
Word "on"
Word "simple"
Word "types"
Dot "."
Slash "/"
Slash "/"
Word "All"
Word "cases"
Word "should"
Word "compile"
Word "without"
Word "errors"
Dot "."
Slash "/"
Slash "/"
Word "The"
Word "core"
Word "bug"
LParen "("
Word "A4"
RParen ")"
Is "is"
Word "field-before-type"
Word "ordering"
Dot "."
Class "class"
Word "Fizz"
LBrace "{"
Word "x"
Word "int"
RBrace "}"
Class "class"
Word "OrderingSimple"
LBrace "{"
Slash "/"
Slash "/"
Word "A1"
Colon ":"
Word "type"
Word "attr"
Word "only"
Error "—"
Word "baseline"
Word "a1"
Word "Fizz"
At "@"
Word "stream"
Dot "."
Word "done"
Slash "/"
Slash "/"
Word "A2"
Colon ":"
Word "field"
Word "attr"
Word "only"
Error "—"
Word "baseline"
Word "a2"
Word "Fizz"
At "@"
Word "alias"
LParen "("
Quote "\""
Word "a2_alias"
Quote "\""
RParen ")"
Slash "/"
Slash "/"
Word "A3"
Colon ":"
Word "type"
Word "before"
Word "field"
Error "—"
Word "works"
Word "today"
Word "a3"
Word "Fizz"
At "@"
Word "stream"
Dot "."
Word "done"
At "@"
Word "alias"
LParen "("
Quote "\""
Word "a3_alias"
Quote "\""
RParen ")"
Slash "/"
Slash "/"
Word "A4"
Colon ":"
Word "field"
Word "before"
Word "type"
Error "—"
Word "THE"
Word "BUG"
Word "a4"
Word "Fizz"
At "@"
Word "alias"
LParen "("
Quote "\""
Word "a4_alias"
Quote "\""
RParen ")"
At "@"
Word "stream"
Dot "."
Word "done"
Slash "/"
Slash "/"
Word "A5"
Colon ":"
Word "field"
Comma ","
Word "type"
Comma ","
Word "field"
Word "a5"
Word "Fizz"
At "@"
Word "alias"
LParen "("
Quote "\""
Word "a5_alias"
Quote "\""
RParen ")"
At "@"
Word "stream"
Dot "."
Word "done"
At "@"
Word "description"
LParen "("
Quote "\""
Word "a5"
Word "desc"
Quote "\""
RParen ")"
Slash "/"
Slash "/"
Word "A6"
Colon ":"
Word "type"
Comma ","
Word "field"
Comma ","
Word "type"
Word "a6"
Word "Fizz"
At "@"
Word "stream"
Dot "."
Word "done"
At "@"
Word "alias"
LParen "("
Quote "\""
Word "a6_alias"
Quote "\""
RParen ")"
At "@"
Word "stream"
Dot "."
Word "must_exist"
Slash "/"
Slash "/"
Word "A7"
Colon ":"
Word "multiple"
Word "type"
Word "attrs"
Word "only"
Word "a7"
Word "Fizz"
At "@"
Word "stream"
Dot "."
Word "done"
At "@"
Word "stream"
Dot "."
Word "must_exist"
Slash "/"
Slash "/"
Word "A8"
Colon ":"
Word "multiple"
Word "field"
Word "attrs"
Word "only"
Word "a8"
Word "Fizz"
At "@"
Word "alias"
LParen "("
Quote "\""
Word "a8_alias"
Quote "\""
RParen ")"
At "@"
Word "description"
LParen "("
Quote "\""
Word "a8"
Word "desc"
Quote "\""
RParen ")"
Slash "/"
Slash "/"
Word "A9"
Colon ":"
Word "field"
Word "before"
Word "two"
Word "type"
Word "attrs"
Word "a9"
Word "Fizz"
At "@"
Word "alias"
LParen "("
Quote "\""
Word "a9_alias"
Quote "\""
RParen ")"
At "@"
Word "stream"
Dot "."
Word "done"
At "@"
Word "stream"
Dot "."
Word "must_exist"
RBrace "}"
