---
source: crates/baml_tests/src/generated_tests.rs
---
Slash "/"
Slash "/"
Word "Root"
Word "namespace"
Colon ":"
Word "demonstrates"
Word "that"
Word "same-name"
Word "types"
In "in"
Word "different"
Slash "/"
Slash "/"
Word "namespaces"
Word "don"
Error "'"
Word "t"
Word "conflict"
In "in"
Word "type"
Word "position"
Word "and"
In "in"
Word "expression"
Word "position"
Slash "/"
Slash "/"
LParen "("
Word "object"
Word "literals"
Plus "+"
Word "thrown"
Word "literals"
RParen ")"
Dot "."
Function "function"
Word "GetLlmText"
LParen "("
RParen ")"
Arrow "->"
Word "root"
Dot "."
Word "llm"
Dot "."
Word "Response"
LBrace "{"
Word "root"
Dot "."
Word "llm"
Dot "."
Word "Response"
LBrace "{"
Word "text"
Colon ":"
Quote "\""
Word "hello"
Quote "\""
Comma ","
Word "tokens"
Colon ":"
IntegerLiteral "5"
RBrace "}"
RBrace "}"
Function "function"
Word "GetHttpStatus"
LParen "("
RParen ")"
Arrow "->"
Word "root"
Dot "."
Word "http"
Dot "."
Word "Response"
LBrace "{"
Word "root"
Dot "."
Word "http"
Dot "."
Word "Response"
LBrace "{"
Word "status"
Colon ":"
IntegerLiteral "200"
Comma ","
Word "body"
Colon ":"
Quote "\""
Word "ok"
Quote "\""
RBrace "}"
RBrace "}"
Slash "/"
Slash "/"
Word "Locks"
In "in"
Word "throw-fact"
Word "resolution"
For "for"
Error "`"
Word "root"
Dot "."
Less "<"
Word "ns"
Greater ">"
Dot "."
Less "<"
Word "name"
Greater ">"
Error "`"
Minus "-"
Word "qualified"
Word "object"
Slash "/"
Slash "/"
Word "literals"
Dot "."
Word "Without"
Word "cross-namespace"
Word "fallback"
In "in"
Word "throw_inference"
Comma ","
Word "this"
Word "would"
Slash "/"
Slash "/"
Word "resolve"
Word "to"
Error "`"
Word "unknown"
Error "`"
Word "and"
Word "lose"
Word "the"
Word "concrete"
Word "thrown"
Word "type"
Word "from"
Word "the"
Throw "throw"
Word "set"
Dot "."
Function "function"
Word "ThrowsHttpResponse"
LParen "("
RParen ")"
Throws "throws"
Word "root"
Dot "."
Word "http"
Dot "."
Word "Response"
LBrace "{"
Throw "throw"
Word "root"
Dot "."
Word "http"
Dot "."
Word "Response"
LBrace "{"
Word "status"
Colon ":"
IntegerLiteral "500"
Comma ","
Word "body"
Colon ":"
Quote "\""
Word "boom"
Quote "\""
RBrace "}"
RBrace "}"
