---
source: crates/baml_tests/src/generated_tests.rs
---
=== TIR2 ===
class user.Both {
  name: string
}
function user.Both.size(self: user.Both) -> int throws never {
  { : 7
    7 : 7
  }
}
function user.Both.tag(self: user.Both) -> string throws never {
  { : string
    self.name : string
  }
}
function user.describe<T>(item: T) -> string throws never {
  { : string
    item.name + ":" + item.size().to_string() : string
  }
}
function user.label_of<T>(item: T) -> string throws never {
  { : string
    item.tag() : string
  }
}
function user.shout(text: string) -> string throws never {
  { : string
    text + "!" : string
  }
}
function user.field_into_call_arg<T>(item: T) -> string throws never {
  { : string
    let out = shout(item.name) : string
    out : string
  }
}
function user.field_into_switch<T>(item: T) -> int throws never {
  { : 1 | 0
    match (item.name : string) : 1 | 0
      "a" =>
        1 : 1
      _ =>
        0 : 0
  }
}
class user.Holder {
  item: T
}
class user.Registered {
  items: user.Both[]
}
function user.Registered.put(self: user.Registered, item: user.Both) -> void throws never {
  { : void
  }
}
function user.Registered.summarize<U>(self: user.Registered, other: U) -> string throws never {
  { : string
    describe<T>(other) : string
  }
}
function user.main() -> string throws never {
  { : string
    let both = Both { name: "b" } : user.Both
    let holder = Holder { item: both } : user.Holder<user.Both>
    let printable: Printable = both : user.Both -> user.Printable
    let registry = Registered { items: [both] } : user.Registered
    describe<Both>(both) + "/" + field_into_call_arg<Both>(both) + "/" + field_into_switch<Both>(both).to_string() + "/" + label_of<Both>(both) + "/" + holder.item.name + "/" + printable.display() + "/" + registry.summarize<Both>(both) : string
  }
}
function user.T.display(self: unknown) -> string throws never {
  { : string
    describe<T>(self) : string
  }
}
class user.Both$stream {
  name: string | null
}
class user.Holder$stream {
  item: T | null
}
class user.Registered$stream {
  items: user.Both$stream[]
}
