---
source: crates/baml_tests/src/generated_tests.rs
---
function $init() -> null {
    call $init_let_0
    store_global user.OpenAIImageResponses
    load_const null
    return
}

function boundary.LocalId.capture(self: boundary.LocalId, inputs: bool | null, output: bool | null, error: bool | null) -> boundary.LocalId {
}

function boundary.id() -> boundary.LocalId {
}

function boundary.id.current() -> string {
}

function user.GenerateImage(prompt: string, client: baml.llm.Client) -> image {
    load_var client
    load_const <omitted>
    cmp_op ==
    pop_jump_if_false L0
    load_global user.OpenAIImageResponses
    store_var client

  L0:
    load_type image
    load_var client
    load_const "GenerateImage"
    load_var prompt
    load_const "prompt"
    load_type string
    load_type unknown
    alloc_map 1
    load_const <omitted>
    call baml.llm.call_llm_function
    return
}

function user.GenerateImage$build_request(prompt: string, client: baml.llm.Client) -> baml.http.Request {
    load_var client
    load_const <omitted>
    cmp_op ==
    pop_jump_if_false L0
    load_global user.OpenAIImageResponses
    store_var client

  L0:
    load_var client
    load_const "GenerateImage"
    load_var prompt
    load_const "prompt"
    load_type string
    load_type unknown
    alloc_map 1
    load_const <omitted>
    call baml.llm.build_request
    return
}

function user.GenerateImage$build_request_stream(prompt: string, client: baml.llm.Client) -> baml.http.Request {
    load_var client
    load_const <omitted>
    cmp_op ==
    pop_jump_if_false L0
    load_global user.OpenAIImageResponses
    store_var client

  L0:
    load_var client
    load_const "GenerateImage"
    load_var prompt
    load_const "prompt"
    load_type string
    load_type unknown
    alloc_map 1
    load_const <omitted>
    call baml.llm.build_request_stream
    return
}

function user.GenerateImage$parse(json: string, client: baml.llm.Client) -> image {
    load_var client
    load_const <omitted>
    cmp_op ==
    pop_jump_if_false L0
    load_global user.OpenAIImageResponses
    store_var client

  L0:
    load_type image
    load_type image
    load_var json
    call baml.llm.parse
    return
}

function user.GenerateImage$parse_stream(sse: baml.http.SseStream, client: baml.llm.Client) -> baml.llm.Stream<image, image> {
    load_var client
    load_const <omitted>
    cmp_op ==
    pop_jump_if_false L0
    load_global user.OpenAIImageResponses
    store_var client

  L0:
    load_type image
    load_type image
    load_var2 2 1
    call baml.llm.Client.__make_stream
    return
}

function user.GenerateImage$render_prompt(prompt: string, client: baml.llm.Client) -> baml.llm.PromptAst {
    load_var client
    load_const <omitted>
    cmp_op ==
    pop_jump_if_false L0
    load_global user.OpenAIImageResponses
    store_var client

  L0:
    load_var client
    load_const "GenerateImage"
    load_var prompt
    load_const "prompt"
    load_type string
    load_type unknown
    alloc_map 1
    load_const <omitted>
    call baml.llm.render_prompt
    return
}

function user.GenerateImage$stream(prompt: string, client: baml.llm.Client) -> baml.llm.Stream<image, image> {
    load_var client
    load_const <omitted>
    cmp_op ==
    pop_jump_if_false L0
    load_global user.OpenAIImageResponses
    store_var client

  L0:
    load_type image
    load_type image
    load_var client
    load_const "GenerateImage"
    load_var prompt
    load_const "prompt"
    load_type string
    load_type unknown
    alloc_map 1
    load_const <omitted>
    call baml.llm.stream_llm_function
    return
}

function user.GenerateImageSet(prompt: string, client: baml.llm.Client) -> image[] {
    load_var client
    load_const <omitted>
    cmp_op ==
    pop_jump_if_false L0
    load_global user.OpenAIImageResponses
    store_var client

  L0:
    load_type image[]
    load_var client
    load_const "GenerateImageSet"
    load_var prompt
    load_const "prompt"
    load_type string
    load_type unknown
    alloc_map 1
    load_const <omitted>
    call baml.llm.call_llm_function
    return
}

function user.GenerateImageSet$build_request(prompt: string, client: baml.llm.Client) -> baml.http.Request {
    load_var client
    load_const <omitted>
    cmp_op ==
    pop_jump_if_false L0
    load_global user.OpenAIImageResponses
    store_var client

  L0:
    load_var client
    load_const "GenerateImageSet"
    load_var prompt
    load_const "prompt"
    load_type string
    load_type unknown
    alloc_map 1
    load_const <omitted>
    call baml.llm.build_request
    return
}

function user.GenerateImageSet$build_request_stream(prompt: string, client: baml.llm.Client) -> baml.http.Request {
    load_var client
    load_const <omitted>
    cmp_op ==
    pop_jump_if_false L0
    load_global user.OpenAIImageResponses
    store_var client

  L0:
    load_var client
    load_const "GenerateImageSet"
    load_var prompt
    load_const "prompt"
    load_type string
    load_type unknown
    alloc_map 1
    load_const <omitted>
    call baml.llm.build_request_stream
    return
}

function user.GenerateImageSet$parse(json: string, client: baml.llm.Client) -> image[] {
    load_var client
    load_const <omitted>
    cmp_op ==
    pop_jump_if_false L0
    load_global user.OpenAIImageResponses
    store_var client

  L0:
    load_type image[]
    load_type image[]
    load_var json
    call baml.llm.parse
    return
}

function user.GenerateImageSet$parse_stream(sse: baml.http.SseStream, client: baml.llm.Client) -> baml.llm.Stream<image[], image[]> {
    load_var client
    load_const <omitted>
    cmp_op ==
    pop_jump_if_false L0
    load_global user.OpenAIImageResponses
    store_var client

  L0:
    load_type image[]
    load_type image[]
    load_var2 2 1
    call baml.llm.Client.__make_stream
    return
}

function user.GenerateImageSet$render_prompt(prompt: string, client: baml.llm.Client) -> baml.llm.PromptAst {
    load_var client
    load_const <omitted>
    cmp_op ==
    pop_jump_if_false L0
    load_global user.OpenAIImageResponses
    store_var client

  L0:
    load_var client
    load_const "GenerateImageSet"
    load_var prompt
    load_const "prompt"
    load_type string
    load_type unknown
    alloc_map 1
    load_const <omitted>
    call baml.llm.render_prompt
    return
}

function user.GenerateImageSet$stream(prompt: string, client: baml.llm.Client) -> baml.llm.Stream<image[], image[]> {
    load_var client
    load_const <omitted>
    cmp_op ==
    pop_jump_if_false L0
    load_global user.OpenAIImageResponses
    store_var client

  L0:
    load_type image[]
    load_type image[]
    load_var client
    load_const "GenerateImageSet"
    load_var prompt
    load_const "prompt"
    load_type string
    load_type unknown
    alloc_map 1
    load_const <omitted>
    call baml.llm.stream_llm_function
    return
}

function user.GenerateMixedImageNarrative(prompt: string, client: baml.llm.Client) -> (image | string)[] {
    load_var client
    load_const <omitted>
    cmp_op ==
    pop_jump_if_false L0
    load_global user.OpenAIImageResponses
    store_var client

  L0:
    load_type (image | string)[]
    load_var client
    load_const "GenerateMixedImageNarrative"
    load_var prompt
    load_const "prompt"
    load_type string
    load_type unknown
    alloc_map 1
    load_const <omitted>
    call baml.llm.call_llm_function
    return
}

function user.GenerateMixedImageNarrative$build_request(prompt: string, client: baml.llm.Client) -> baml.http.Request {
    load_var client
    load_const <omitted>
    cmp_op ==
    pop_jump_if_false L0
    load_global user.OpenAIImageResponses
    store_var client

  L0:
    load_var client
    load_const "GenerateMixedImageNarrative"
    load_var prompt
    load_const "prompt"
    load_type string
    load_type unknown
    alloc_map 1
    load_const <omitted>
    call baml.llm.build_request
    return
}

function user.GenerateMixedImageNarrative$build_request_stream(prompt: string, client: baml.llm.Client) -> baml.http.Request {
    load_var client
    load_const <omitted>
    cmp_op ==
    pop_jump_if_false L0
    load_global user.OpenAIImageResponses
    store_var client

  L0:
    load_var client
    load_const "GenerateMixedImageNarrative"
    load_var prompt
    load_const "prompt"
    load_type string
    load_type unknown
    alloc_map 1
    load_const <omitted>
    call baml.llm.build_request_stream
    return
}

function user.GenerateMixedImageNarrative$parse(json: string, client: baml.llm.Client) -> (image | string)[] {
    load_var client
    load_const <omitted>
    cmp_op ==
    pop_jump_if_false L0
    load_global user.OpenAIImageResponses
    store_var client

  L0:
    load_type (image | string)[]
    load_type (image | string)[]
    load_var json
    call baml.llm.parse
    return
}

function user.GenerateMixedImageNarrative$parse_stream(sse: baml.http.SseStream, client: baml.llm.Client) -> baml.llm.Stream<(image | string)[], (image | string)[]> {
    load_var client
    load_const <omitted>
    cmp_op ==
    pop_jump_if_false L0
    load_global user.OpenAIImageResponses
    store_var client

  L0:
    load_type (image | string)[]
    load_type (image | string)[]
    load_var2 2 1
    call baml.llm.Client.__make_stream
    return
}

function user.GenerateMixedImageNarrative$render_prompt(prompt: string, client: baml.llm.Client) -> baml.llm.PromptAst {
    load_var client
    load_const <omitted>
    cmp_op ==
    pop_jump_if_false L0
    load_global user.OpenAIImageResponses
    store_var client

  L0:
    load_var client
    load_const "GenerateMixedImageNarrative"
    load_var prompt
    load_const "prompt"
    load_type string
    load_type unknown
    alloc_map 1
    load_const <omitted>
    call baml.llm.render_prompt
    return
}

function user.GenerateMixedImageNarrative$stream(prompt: string, client: baml.llm.Client) -> baml.llm.Stream<(image | string)[], (image | string)[]> {
    load_var client
    load_const <omitted>
    cmp_op ==
    pop_jump_if_false L0
    load_global user.OpenAIImageResponses
    store_var client

  L0:
    load_type (image | string)[]
    load_type (image | string)[]
    load_var client
    load_const "GenerateMixedImageNarrative"
    load_var prompt
    load_const "prompt"
    load_type string
    load_type unknown
    alloc_map 1
    load_const <omitted>
    call baml.llm.stream_llm_function
    return
}

function user.OpenAIImageResponses$new() -> null {
    load_const "OPENAI_API_KEY"
    call baml.env.get_or_panic
    store_var _2
    load_const "OpenAIImageResponses"
    load_const "openai-responses"
    load_const "gpt-4.1"
    load_const null
    load_const null
    load_const null
    load_const null
    load_const null
    load_const null
    load_const null
    load_const null
    load_var _2
    load_const null
    load_const null
    load_type string
    load_type string
    alloc_map 0
    load_type string
    load_type string
    alloc_map 0
    load_const "image_generation"
    load_const "1024x1024"
    load_const "low"
    load_const "type"
    load_const "size"
    load_const "quality"
    load_type string
    load_type string
    alloc_map 3
    load_type map<string, string>
    alloc_array 1
    load_const "tools"
    load_type string
    load_type unknown
    alloc_map 1
    init_instance baml.llm.PrimitiveClientOptions .model, .base_url, .allowed_role_metadata, .finish_reason_allow_list, .finish_reason_deny_list, .supports_streaming, .default_role, .allowed_roles, .remap_roles, .api_key, .provider_options, .media_url_handler, .headers, .query_params, .request_body
    init_instance baml.llm.PrimitiveClient .name, .provider, .options
    return
}
