---
source: crates/baml_tests/src/generated_tests.rs
---
=== COMPILER2 DIAGNOSTICS ===
  [type] error: type mismatch: expected string, got user.Status
    ╭─[ regressions.baml:25:5 ]
    │
 25 │     WrapperAlwaysThrows(n) catch (e) {
    │     ───────────┬──────────  
    │                ╰──────────── type mismatch: expected string, got user.Status
    │ 
    │ Note: Error code: E0001
────╯

  [type] error: type mismatch: expected string, got user.Status
    ╭─[ regressions.baml:43:5 ]
    │
 43 │     ThrowsAllStatusVariants(n) catch (e) {
    │     ─────────────┬────────────  
    │                  ╰────────────── type mismatch: expected string, got user.Status
    │ 
    │ Note: Error code: E0001
────╯

  [type] warning: unreachable code: 2 statement(s) after diverging statement
    ╭─[ regressions.baml:75:6 ]
    │
 75 │ ╭─▶     {
 76 │ ├─▶         throw "error"
    │ │                           
    │ ╰─────────────────────────── unreachable code: 2 statement(s) after diverging statement
    │     
    │     Note: Error code: E0001
────╯
