---
source: crates/baml_tests/src/generated_tests.rs
---
=== SYNTAX TREE ===
SOURCE_FILE
  FUNCTION_DEF
    KW_FUNCTION "function"
    WORD "SimpleFunction"
    PARAMETER_LIST "()"
      L_PAREN "("
      R_PAREN ")"
    ARROW "->"
    TYPE_EXPR "int"
      WORD "int"
    EXPR_FUNCTION_BODY
      BLOCK_EXPR "{
    42
}"
        L_BRACE "{"
        INTEGER_LITERAL "42"
        R_BRACE "}"
  FUNCTION_DEF
    KW_FUNCTION "function"
    WORD "Headers"
    PARAMETER_LIST "()"
      L_PAREN "("
      R_PAREN ")"
    ARROW "->"
    TYPE_EXPR "string"
      WORD "string"
    EXPR_FUNCTION_BODY
      BLOCK_EXPR
        L_BRACE "{"
        HEADER_COMMENT "//# Setup"
          SLASH "/"
          SLASH "/"
          HASH "#"
          WORD "Setup"
        LET_STMT "let x = 1;"
          KW_LET "let"
          WORD "x"
          EQUALS "="
          INTEGER_LITERAL "1"
          SEMICOLON ";"
        HEADER_COMMENT "//## Configuration"
          SLASH "/"
          SLASH "/"
          HASH "#"
          HASH "#"
          WORD "Configuration"
        LET_STMT "let y = 2;"
          KW_LET "let"
          WORD "y"
          EQUALS "="
          INTEGER_LITERAL "2"
          SEMICOLON ";"
        HEADER_COMMENT "//# Processing"
          SLASH "/"
          SLASH "/"
          HASH "#"
          WORD "Processing"
        LET_STMT
          KW_LET "let"
          WORD "z"
          EQUALS "="
          BINARY_EXPR "x + y"
            WORD "x"
            PLUS "+"
            WORD "y"
          SEMICOLON ";"
        CALL_EXPR
          PATH_EXPR "z.to_string"
            WORD "z"
            DOT "."
            WORD "to_string"
          CALL_ARGS "()"
            L_PAREN "("
            R_PAREN ")"
        R_BRACE "}"
  FUNCTION_DEF
    KW_FUNCTION "function"
    WORD "IfElseWithHeaders"
    PARAMETER_LIST
      L_PAREN "("
      PARAMETER
        WORD "flag"
        COLON ":"
        TYPE_EXPR "bool"
          WORD "bool"
      R_PAREN ")"
    ARROW "->"
    TYPE_EXPR "string"
      WORD "string"
    EXPR_FUNCTION_BODY
      BLOCK_EXPR
        L_BRACE "{"
        HEADER_COMMENT "//# Check flag"
          SLASH "/"
          SLASH "/"
          HASH "#"
          WORD "Check"
          WORD "flag"
        IF_EXPR
          KW_IF "if"
          PAREN_EXPR "(flag)"
            L_PAREN "("
            WORD "flag"
            R_PAREN ")"
          BLOCK_EXPR
            L_BRACE "{"
            HEADER_COMMENT "//# True branch"
              SLASH "/"
              SLASH "/"
              HASH "#"
              WORD "True"
              WORD "branch"
            STRING_LITERAL "yes"
              QUOTE """
              WORD "yes"
              QUOTE """
            R_BRACE "}"
          KW_ELSE "else"
          BLOCK_EXPR
            L_BRACE "{"
            HEADER_COMMENT "//# False branch"
              SLASH "/"
              SLASH "/"
              HASH "#"
              WORD "False"
              WORD "branch"
            STRING_LITERAL "no"
              QUOTE """
              WORD "no"
              QUOTE """
            R_BRACE "}"
        R_BRACE "}"
  FUNCTION_DEF
    KW_FUNCTION "function"
    WORD "ElseIfChain"
    PARAMETER_LIST
      L_PAREN "("
      PARAMETER
        WORD "x"
        COLON ":"
        TYPE_EXPR "int"
          WORD "int"
      R_PAREN ")"
    ARROW "->"
    TYPE_EXPR "string"
      WORD "string"
    EXPR_FUNCTION_BODY
      BLOCK_EXPR
        L_BRACE "{"
        IF_EXPR
          KW_IF "if"
          PAREN_EXPR
            L_PAREN "("
            BINARY_EXPR "x == 1"
              WORD "x"
              EQUALS_EQUALS "=="
              INTEGER_LITERAL "1"
            R_PAREN ")"
          BLOCK_EXPR
            L_BRACE "{"
            HEADER_COMMENT "//# Case one"
              SLASH "/"
              SLASH "/"
              HASH "#"
              WORD "Case"
              WORD "one"
            STRING_LITERAL "one"
              QUOTE """
              WORD "one"
              QUOTE """
            R_BRACE "}"
          KW_ELSE "else"
          IF_EXPR
            KW_IF "if"
            PAREN_EXPR
              L_PAREN "("
              BINARY_EXPR "x == 2"
                WORD "x"
                EQUALS_EQUALS "=="
                INTEGER_LITERAL "2"
              R_PAREN ")"
            BLOCK_EXPR
              L_BRACE "{"
              HEADER_COMMENT "//# Case two"
                SLASH "/"
                SLASH "/"
                HASH "#"
                WORD "Case"
                WORD "two"
              STRING_LITERAL "two"
                QUOTE """
                WORD "two"
                QUOTE """
              R_BRACE "}"
            KW_ELSE "else"
            IF_EXPR
              KW_IF "if"
              PAREN_EXPR
                L_PAREN "("
                BINARY_EXPR "x == 3"
                  WORD "x"
                  EQUALS_EQUALS "=="
                  INTEGER_LITERAL "3"
                R_PAREN ")"
              BLOCK_EXPR
                L_BRACE "{"
                HEADER_COMMENT "//# Case three"
                  SLASH "/"
                  SLASH "/"
                  HASH "#"
                  WORD "Case"
                  WORD "three"
                STRING_LITERAL "three"
                  QUOTE """
                  WORD "three"
                  QUOTE """
                R_BRACE "}"
              KW_ELSE "else"
              BLOCK_EXPR
                L_BRACE "{"
                HEADER_COMMENT "//# Default case"
                  SLASH "/"
                  SLASH "/"
                  HASH "#"
                  WORD "Default"
                  WORD "case"
                STRING_LITERAL "other"
                  QUOTE """
                  WORD "other"
                  QUOTE """
                R_BRACE "}"
        R_BRACE "}"
  FUNCTION_DEF
    KW_FUNCTION "function"
    WORD "WhileWithHeaders"
    PARAMETER_LIST "()"
      L_PAREN "("
      R_PAREN ")"
    ARROW "->"
    TYPE_EXPR "int"
      WORD "int"
    EXPR_FUNCTION_BODY
      BLOCK_EXPR
        L_BRACE "{"
        HEADER_COMMENT "//# Initialize"
          SLASH "/"
          SLASH "/"
          HASH "#"
          WORD "Initialize"
        LET_STMT "let count = 0;"
          KW_LET "let"
          WORD "count"
          EQUALS "="
          INTEGER_LITERAL "0"
          SEMICOLON ";"
        HEADER_COMMENT "//# Loop"
          SLASH "/"
          SLASH "/"
          HASH "#"
          WORD "Loop"
        WHILE_STMT
          KW_WHILE "while"
          PAREN_EXPR
            L_PAREN "("
            BINARY_EXPR "count < 10"
              WORD "count"
              LESS "<"
              INTEGER_LITERAL "10"
            R_PAREN ")"
          BLOCK_EXPR
            L_BRACE "{"
            HEADER_COMMENT "//# Iteration"
              SLASH "/"
              SLASH "/"
              HASH "#"
              WORD "Iteration"
            BINARY_EXPR "count += 1"
              WORD "count"
              PLUS_EQUALS "+="
              INTEGER_LITERAL "1"
            SEMICOLON ";"
            R_BRACE "}"
        HEADER_COMMENT "//# Done"
          SLASH "/"
          SLASH "/"
          HASH "#"
          WORD "Done"
        WORD "count"
        R_BRACE "}"
  FUNCTION_DEF
    KW_FUNCTION "function"
    WORD "MatchExpression"
    PARAMETER_LIST
      L_PAREN "("
      PARAMETER
        WORD "x"
        COLON ":"
        TYPE_EXPR "int"
          WORD "int"
      R_PAREN ")"
    ARROW "->"
    TYPE_EXPR "string"
      WORD "string"
    EXPR_FUNCTION_BODY
      BLOCK_EXPR
        L_BRACE "{"
        MATCH_EXPR
          KW_MATCH "match"
          L_PAREN "("
          WORD "x"
          R_PAREN ")"
          L_BRACE "{"
          MATCH_ARM
            MATCH_PATTERN "1"
              INTEGER_LITERAL "1"
            FAT_ARROW "=>"
            BLOCK_EXPR
              L_BRACE "{"
              HEADER_COMMENT "//# One"
                SLASH "/"
                SLASH "/"
                HASH "#"
                WORD "One"
              STRING_LITERAL "one"
                QUOTE """
                WORD "one"
                QUOTE """
              R_BRACE "}"
          MATCH_ARM
            MATCH_PATTERN "2"
              INTEGER_LITERAL "2"
            FAT_ARROW "=>"
            BLOCK_EXPR
              L_BRACE "{"
              HEADER_COMMENT "//# Two"
                SLASH "/"
                SLASH "/"
                HASH "#"
                WORD "Two"
              STRING_LITERAL "two"
                QUOTE """
                WORD "two"
                QUOTE """
              R_BRACE "}"
          MATCH_ARM
            MATCH_PATTERN "_"
              WORD "_"
            FAT_ARROW "=>"
            BLOCK_EXPR
              L_BRACE "{"
              HEADER_COMMENT "//# Default"
                SLASH "/"
                SLASH "/"
                HASH "#"
                WORD "Default"
              STRING_LITERAL "other"
                QUOTE """
                WORD "other"
                QUOTE """
              R_BRACE "}"
          R_BRACE "}"
        R_BRACE "}"
  FUNCTION_DEF
    KW_FUNCTION "function"
    WORD "NestedControlFlow"
    PARAMETER_LIST
      L_PAREN "("
      PARAMETER
        WORD "x"
        COLON ":"
        TYPE_EXPR "int"
          WORD "int"
      R_PAREN ")"
    ARROW "->"
    TYPE_EXPR "string"
      WORD "string"
    EXPR_FUNCTION_BODY
      BLOCK_EXPR
        L_BRACE "{"
        HEADER_COMMENT "//# Outer"
          SLASH "/"
          SLASH "/"
          HASH "#"
          WORD "Outer"
        IF_EXPR
          KW_IF "if"
          PAREN_EXPR
            L_PAREN "("
            BINARY_EXPR "x > 0"
              WORD "x"
              GREATER ">"
              INTEGER_LITERAL "0"
            R_PAREN ")"
          BLOCK_EXPR
            L_BRACE "{"
            HEADER_COMMENT "//# Positive"
              SLASH "/"
              SLASH "/"
              HASH "#"
              WORD "Positive"
            IF_EXPR
              KW_IF "if"
              PAREN_EXPR
                L_PAREN "("
                BINARY_EXPR "x > 100"
                  WORD "x"
                  GREATER ">"
                  INTEGER_LITERAL "100"
                R_PAREN ")"
              BLOCK_EXPR
                L_BRACE "{"
                HEADER_COMMENT "//# Large"
                  SLASH "/"
                  SLASH "/"
                  HASH "#"
                  WORD "Large"
                STRING_LITERAL "large"
                  QUOTE """
                  WORD "large"
                  QUOTE """
                R_BRACE "}"
              KW_ELSE "else"
              BLOCK_EXPR
                L_BRACE "{"
                HEADER_COMMENT "//# Small"
                  SLASH "/"
                  SLASH "/"
                  HASH "#"
                  WORD "Small"
                STRING_LITERAL "small"
                  QUOTE """
                  WORD "small"
                  QUOTE """
                R_BRACE "}"
            R_BRACE "}"
          KW_ELSE "else"
          BLOCK_EXPR
            L_BRACE "{"
            HEADER_COMMENT "//# Non-positive"
              SLASH "/"
              SLASH "/"
              HASH "#"
              WORD "Non-positive"
            STRING_LITERAL "zero or negative"
              QUOTE """
              WORD "zero"
              WORD "or"
              WORD "negative"
              QUOTE """
            R_BRACE "}"
        R_BRACE "}"
  CLIENT_DEF
    KW_CLIENT "client"
    CLIENT_TYPE "<llm>"
      LESS "<"
      WORD "llm"
      GREATER ">"
    WORD "TestClient"
    CONFIG_BLOCK
      L_BRACE "{"
      CONFIG_ITEM
        WORD "provider"
        CONFIG_VALUE "openai"
          WORD "openai"
      CONFIG_ITEM
        WORD "options"
        CONFIG_BLOCK
          L_BRACE "{"
          CONFIG_ITEM
            WORD "model"
            CONFIG_VALUE "gpt-4"
              WORD "gpt-4"
          R_BRACE "}"
      R_BRACE "}"
  FUNCTION_DEF
    KW_FUNCTION "function"
    WORD "LlmFunction"
    PARAMETER_LIST
      L_PAREN "("
      PARAMETER
        WORD "input"
        COLON ":"
        TYPE_EXPR "string"
          WORD "string"
      R_PAREN ")"
    ARROW "->"
    TYPE_EXPR "string"
      WORD "string"
    LLM_FUNCTION_BODY
      L_BRACE "{"
      CLIENT_FIELD "client TestClient"
        KW_CLIENT "client"
        WORD "TestClient"
      PROMPT_FIELD
        WORD "prompt"
        RAW_STRING_LITERAL
          HASH "#"
          QUOTE """
          PROMPT_TEXT "Echo:"
            WORD "Echo"
            COLON ":"
          TEMPLATE_INTERPOLATION "{{ input }}"
            L_BRACE "{"
            L_BRACE "{"
            WORD "input"
            R_BRACE "}"
            R_BRACE "}"
          QUOTE """
          HASH "#"
      R_BRACE "}"

=== ERRORS ===
None
