---
source: crates/baml_tests/src/generated_tests.rs
---
=== SYNTAX TREE ===
SOURCE_FILE
  CLASS_DEF
    KW_CLASS "class"
    WORD "RawStrings"
    L_BRACE "{"
    FIELD
      WORD "simple"
      TYPE_EXPR "string"
        WORD "string"
      ATTRIBUTE
        AT "@"
        WORD "description"
        ATTRIBUTE_ARGS
          L_PAREN "("
          RAW_STRING_LITERAL
            HASH "#"
            QUOTE """
            PROMPT_TEXT "raw string"
              WORD "raw"
              WORD "string"
            QUOTE """
            HASH "#"
          R_PAREN ")"
    FIELD
      WORD "with_quotes"
      TYPE_EXPR "string"
        WORD "string"
      ATTRIBUTE
        AT "@"
        WORD "description"
        ATTRIBUTE_ARGS
          L_PAREN "("
          RAW_STRING_LITERAL
            HASH "#"
            QUOTE """
            PROMPT_TEXT "contains "quotes" easily"
              WORD "contains"
              QUOTE """
              WORD "quotes"
              QUOTE """
              WORD "easily"
            QUOTE """
            HASH "#"
          R_PAREN ")"
    FIELD
      WORD "multi_hash"
      TYPE_EXPR "string"
        WORD "string"
      ATTRIBUTE
        AT "@"
        WORD "description"
        ATTRIBUTE_ARGS
          L_PAREN "("
          RAW_STRING_LITERAL
            HASH "#"
            HASH "#"
            QUOTE """
            PROMPT_TEXT "contains #"hash"# inside"
              WORD "contains"
              HASH "#"
              QUOTE """
              WORD "hash"
              QUOTE """
              HASH "#"
              WORD "inside"
            QUOTE """
            HASH "#"
            HASH "#"
          R_PAREN ")"
    FIELD
      WORD "multiline"
      TYPE_EXPR "string"
        WORD "string"
      ATTRIBUTE
        AT "@"
        WORD "description"
        ATTRIBUTE_ARGS
          L_PAREN "("
          RAW_STRING_LITERAL
            HASH "#"
            HASH "#"
            HASH "#"
            QUOTE """
            PROMPT_TEXT "This is a multiline
    raw string with "quotes"
    and #hashes#"
              WORD "This"
              WORD "is"
              WORD "a"
              WORD "multiline"
              WORD "raw"
              WORD "string"
              WORD "with"
              QUOTE """
              WORD "quotes"
              QUOTE """
              WORD "and"
              HASH "#"
              WORD "hashes"
              HASH "#"
            QUOTE """
            HASH "#"
            HASH "#"
            HASH "#"
          R_PAREN ")"
    R_BRACE "}"
  FUNCTION_DEF
    KW_FUNCTION "function"
    WORD "ProcessText"
    PARAMETER_LIST
      L_PAREN "("
      PARAMETER
        WORD "input"
        COLON ":"
        TYPE_EXPR "string"
          WORD "string"
      R_PAREN ")"
    ARROW "->"
    TYPE_EXPR "string"
      WORD "string"
    LLM_FUNCTION_BODY
      L_BRACE "{"
      CLIENT_FIELD "client GPT4"
        KW_CLIENT "client"
        WORD "GPT4"
      PROMPT_FIELD
        WORD "prompt"
        RAW_STRING_LITERAL
          HASH "#"
          QUOTE """
          PROMPT_TEXT "Process the following text:"
            WORD "Process"
            WORD "the"
            WORD "following"
            WORD "text"
            COLON ":"
          TEMPLATE_INTERPOLATION "{{ input }}"
            L_BRACE "{"
            L_BRACE "{"
            WORD "input"
            R_BRACE "}"
            R_BRACE "}"
          PROMPT_TEXT "Return the processed result."
            WORD "Return"
            WORD "the"
            WORD "processed"
            WORD "result"
            DOT "."
          QUOTE """
          HASH "#"
      R_BRACE "}"

=== ERRORS ===
None
