---
source: crates/baml_tests/src/generated_tests.rs
---
=== MIR2 ===
fn FormatMessage(name: string) -> string {
    // Locals:
    let _0: string // _0 // return
    let _1: string // name // param
    let _2: (string, map<string, unknown>) -> unknown
    let _3: "FormatMessage"
    let _4: map<string, unknown>
    let _5: "name"
    let _6: string

    bb0: {
        _2 = const fn baml.llm.call_llm_function;
        _3 = const "FormatMessage";
        _5 = const "name";
        _6 = copy _1;
        _4 = { copy _5: copy _6 };
        _0 = call copy _2(copy _3, copy _4) -> [bb2];
    }

    bb1: {
        return;
    }

    bb2: {
        goto -> bb1;
    }
}

fn ProcessText(input: string) -> string {
    // Locals:
    let _0: string // _0 // return
    let _1: string // input // param
    let _2: (string, map<string, unknown>) -> unknown
    let _3: "ProcessText"
    let _4: map<string, unknown>
    let _5: "input"
    let _6: string

    bb0: {
        _2 = const fn baml.llm.call_llm_function;
        _3 = const "ProcessText";
        _5 = const "input";
        _6 = copy _1;
        _4 = { copy _5: copy _6 };
        _0 = call copy _2(copy _3, copy _4) -> [bb2];
    }

    bb1: {
        return;
    }

    bb2: {
        goto -> bb1;
    }
}

fn GetRole() -> "admin" | "user" | "guest" {
    // Locals:
    let _0: "admin" | "user" | "guest" // _0 // return

    bb0: {
        _0 = const "user";
        goto -> bb2;
    }

    bb1: {
        return;
    }

    bb2: {
        return;
    }
}
