---
source: crates/baml_tests/src/generated_tests.rs
---
=== SYNTAX TREE ===
SOURCE_FILE
  TESTSET_DEF
    KW_TESTSET "testset"
    STRING_LITERAL "dynamic tests"
      QUOTE """
      KW_DYNAMIC "dynamic"
      WORD "tests"
      QUOTE """
    BLOCK_EXPR
      L_BRACE "{"
      LET_STMT
        PATTERN
          BINDING_PATTERN "let cases"
            KW_LET "let"
            WORD "cases"
        EQUALS "="
        ARRAY_LITERAL
          L_BRACKET "["
          STRING_LITERAL "hello"
            QUOTE """
            WORD "hello"
            QUOTE """
          COMMA ","
          STRING_LITERAL "world"
            QUOTE """
            WORD "world"
            QUOTE """
          COMMA ","
          STRING_LITERAL "foo"
            QUOTE """
            WORD "foo"
            QUOTE """
          R_BRACKET "]"
      FOR_EXPR
        KW_FOR "for"
        L_PAREN "("
        LET_STMT
          PATTERN
            BINDING_PATTERN "let case"
              KW_LET "let"
              WORD "case"
        KW_IN "in"
        WORD "cases"
        R_PAREN ")"
        BLOCK_EXPR
          L_BRACE "{"
          TEST_EXPR_DEF
            KW_TEST "test"
            STRING_LITERAL "check case"
              QUOTE """
              WORD "check"
              WORD "case"
              QUOTE """
            BLOCK_EXPR
              L_BRACE "{"
              CALL_EXPR
                PATH_EXPR "assert.not_null"
                  WORD "assert"
                  DOT "."
                  WORD "not_null"
                CALL_ARGS
                  L_PAREN "("
                  CALL_ARG "case"
                    WORD "case"
                  R_PAREN ")"
              R_BRACE "}"
          R_BRACE "}"
      R_BRACE "}"
  TESTSET_DEF
    KW_TESTSET "testset"
    STRING_LITERAL "conditional tests"
      QUOTE """
      WORD "conditional"
      WORD "tests"
      QUOTE """
    BLOCK_EXPR
      L_BRACE "{"
      LET_STMT
        PATTERN
          BINDING_PATTERN "let run_slow"
            KW_LET "let"
            WORD "run_slow"
        EQUALS "="
        WORD "false"
      TEST_EXPR_DEF
        KW_TEST "test"
        STRING_LITERAL "always runs"
          QUOTE """
          WORD "always"
          WORD "runs"
          QUOTE """
        BLOCK_EXPR
          L_BRACE "{"
          CALL_EXPR
            PATH_EXPR "assert.is_true"
              WORD "assert"
              DOT "."
              WORD "is_true"
            CALL_ARGS
              L_PAREN "("
              CALL_ARG "true"
                WORD "true"
              R_PAREN ")"
          R_BRACE "}"
      IF_EXPR
        KW_IF "if"
        PAREN_EXPR "(run_slow)"
          L_PAREN "("
          WORD "run_slow"
          R_PAREN ")"
        BLOCK_EXPR
          L_BRACE "{"
          TEST_EXPR_DEF
            KW_TEST "test"
            STRING_LITERAL "only when slow"
              QUOTE """
              WORD "only"
              WORD "when"
              WORD "slow"
              QUOTE """
            BLOCK_EXPR
              L_BRACE "{"
              CALL_EXPR
                PATH_EXPR "assert.is_true"
                  WORD "assert"
                  DOT "."
                  WORD "is_true"
                CALL_ARGS
                  L_PAREN "("
                  CALL_ARG "true"
                    WORD "true"
                  R_PAREN ")"
              R_BRACE "}"
          R_BRACE "}"
      R_BRACE "}"

=== ERRORS ===
None
