---
source: crates/baml_tests/src/generated_tests.rs
---
=== TIR2 ===
class user.Config {
  key: string
  env: string
}
function user.Config.to_json(self: user.Config) -> baml.json.json throws baml.json.JsonSerializationError | baml.json.JsonParseError {
  map { "key": self.key.to_json(), "env": self.env.to_json() } : map<string, baml.json.json>
}
function user.Config.from_json(j: baml.json.json) -> user.Config throws baml.json.JsonParseError | baml.json.JsonDecodeError {
  Config { key: baml.json.from_json<string>(baml.json.field(j, "key")), env: baml.json.from_json<string>(baml.json.field(j, "env")) } : user.Config
}
class user.Error {
  code: int
  message: string
}
function user.Error.to_json(self: user.Error) -> baml.json.json throws baml.json.JsonSerializationError | baml.json.JsonParseError {
  map { "code": self.code.to_json(), "message": self.message.to_json() } : map<string, baml.json.json>
}
function user.Error.from_json(j: baml.json.json) -> user.Error throws baml.json.JsonParseError | baml.json.JsonDecodeError {
  Error { code: baml.json.from_json<int>(baml.json.field(j, "code")), message: baml.json.from_json<string>(baml.json.field(j, "message")) } : user.Error
}
enum user.Status
type user.ConfigAlias = user.Config
function user.RootIdentity(cfg: user.Config) -> user.Config throws never {
  { : user.Config
    cfg : user.Config
  }
}
function user.RootConstruct(key: string) -> user.Config throws never {
  { : user.Config
    Config { key: key, env: "prod" } : user.Config
  }
}
function user.RootEnumReturn() -> user.Status throws never {
  { : user.Status.Ok
    Status.Ok : user.Status.Ok
  }
}
function user.RootEnumMatch(s: user.Status) -> string throws never {
  { : "ok" | "failed" | "pending"
    match (s : user.Status) : "ok" | "failed" | "pending"
      Status.Ok =>
        "ok" : "ok"
      Status.Failed =>
        "failed" : "failed"
      Status.Pending =>
        "pending" : "pending"
  }
}
function user.RootAliasParam(cfg: user.ConfigAlias) -> string throws never {
  { : string
    cfg.key : string
  }
}
function user.RootThrowClass(x: int) -> string throws never {
  { : "ok"
    match (x : int) : "ok"
      0 =>
        throw Error { code: 500, message: "root error" } : never
      _ =>
        "ok" : "ok"
  }
}
function user.RootThrowEnum(x: int) -> string throws never {
  { : "ok"
    match (x : int) : "ok"
      0 =>
        throw Status.Failed : never
      _ =>
        "ok" : "ok"
  }
}
function user.RootUsesLlmConfig(cfg: user.llm.Config) -> string throws never {
  { : string
    cfg.model : string
  }
}
function user.RootUsesLlmError(e: user.llm.Error) -> string throws never {
  { : string
    e.reason : string
  }
}
function user.RootUsesLlmStatus() -> user.llm.Status throws never {
  { : user.llm.Status.Ready
    root.llm.Status.Ready : user.llm.Status.Ready
  }
}
function user.RootUsesAuthConfig(cfg: user.auth.Config) -> string throws never {
  { : string
    cfg.provider : string
  }
}
function user.RootUsesAuthError(e: user.auth.Error) -> string throws never {
  { : string
    e.realm : string
  }
}
function user.RootUsesNestedClient(c: user.llm.openai.Client) -> string throws never {
  { : string
    c.api_key : string
  }
}
function user.RootMixedConfigs(root_cfg: user.Config, llm_cfg: user.llm.Config) -> string throws never {
  { : string
    root_cfg.key : string
  }
}
class user.RootWithCrossNsFields {
  own_config: user.Config
  llm_config: user.llm.Config
  auth_config: user.auth.Config
  llm_response: user.llm.Response
  nested_client: user.llm.openai.Client
  own_status: user.Status
  own_alias: user.ConfigAlias
}
function user.RootWithCrossNsFields.to_json(self: user.RootWithCrossNsFields) -> baml.json.json throws baml.json.JsonSerializationError | baml.json.JsonParseError {
  map { "own_config": self.own_config.to_json(), "llm_config": self.llm_config.to_json(), "auth_config": self.auth_config.to_json(), "llm_response": self.llm_response.to_json(), "nested_client": self.nested_client.to_json(), "own_status": self.own_status.to_json(), "own_alias": self.own_alias.to_json() } : map<string, baml.json.json>
}
function user.RootWithCrossNsFields.from_json(j: baml.json.json) -> user.RootWithCrossNsFields throws baml.json.JsonParseError | baml.json.JsonDecodeError {
  RootWithCrossNsFields { own_config: baml.json.from_json<Config>(baml.json.field(j, "own_config")), llm_config: baml.json.from_json<root.llm.Config>(baml.json.field(j, "llm_config")), auth_config: baml.json.from_json<root.auth.Config>(baml.json.field(j, "auth_config")), llm_response: baml.json.from_json<root.llm.Response>(baml.json.field(j, "llm_response")), nested_client: baml.json.from_json<root.llm.openai.Client>(baml.json.field(j, "nested_client")), own_status: baml.json.from_json<Status>(baml.json.field(j, "own_status")), own_alias: baml.json.from_json<ConfigAlias>(baml.json.field(j, "own_alias")) } : user.RootWithCrossNsFields
}
class user.RootWithCrossNsAlias {
  llm_alias: user.llm.ResponseAlias
  own_alias: user.ConfigAlias
}
function user.RootWithCrossNsAlias.to_json(self: user.RootWithCrossNsAlias) -> baml.json.json throws baml.json.JsonSerializationError | baml.json.JsonParseError {
  map { "llm_alias": self.llm_alias.to_json(), "own_alias": self.own_alias.to_json() } : map<string, baml.json.json>
}
function user.RootWithCrossNsAlias.from_json(j: baml.json.json) -> user.RootWithCrossNsAlias throws baml.json.JsonParseError | baml.json.JsonDecodeError {
  RootWithCrossNsAlias { llm_alias: baml.json.from_json<root.llm.ResponseAlias>(baml.json.field(j, "llm_alias")), own_alias: baml.json.from_json<ConfigAlias>(baml.json.field(j, "own_alias")) } : user.RootWithCrossNsAlias
}
class user.Config$stream {
  key: null | string
  env: null | string
}
class user.Error$stream {
  code: null | int
  message: null | string
}
type user.ConfigAlias$stream = user.Config$stream
class user.RootWithCrossNsFields$stream {
  own_config: null | user.Config$stream
  llm_config: null | user.llm.Config$stream
  auth_config: null | user.auth.Config$stream
  llm_response: null | user.llm.Response$stream
  nested_client: null | user.llm.openai.Client$stream
  own_status: null | user.Status
  own_alias: null | user.Config$stream
}
class user.RootWithCrossNsAlias$stream {
  llm_alias: null | user.llm.Response$stream
  own_alias: null | user.Config$stream
}
class user.auth.Config {
  provider: string
  secret: string
}
function user.auth.Config.to_json(self: user.auth.Config) -> baml.json.json throws baml.json.JsonSerializationError | baml.json.JsonParseError {
  map { "provider": self.provider.to_json(), "secret": self.secret.to_json() } : map<string, baml.json.json>
}
function user.auth.Config.from_json(j: baml.json.json) -> user.auth.Config throws baml.json.JsonParseError | baml.json.JsonDecodeError {
  Config { provider: baml.json.from_json<string>(baml.json.field(j, "provider")), secret: baml.json.from_json<string>(baml.json.field(j, "secret")) } : user.auth.Config
}
class user.auth.Error {
  realm: string
  expired: bool
}
function user.auth.Error.to_json(self: user.auth.Error) -> baml.json.json throws baml.json.JsonSerializationError | baml.json.JsonParseError {
  map { "realm": self.realm.to_json(), "expired": self.expired.to_json() } : map<string, baml.json.json>
}
function user.auth.Error.from_json(j: baml.json.json) -> user.auth.Error throws baml.json.JsonParseError | baml.json.JsonDecodeError {
  Error { realm: baml.json.from_json<string>(baml.json.field(j, "realm")), expired: baml.json.from_json<bool>(baml.json.field(j, "expired")) } : user.auth.Error
}
enum user.auth.Role
class user.auth.Token {
  value: string
  role: user.auth.Role
}
function user.auth.Token.to_json(self: user.auth.Token) -> baml.json.json throws baml.json.JsonSerializationError | baml.json.JsonParseError {
  map { "value": self.value.to_json(), "role": self.role.to_json() } : map<string, baml.json.json>
}
function user.auth.Token.from_json(j: baml.json.json) -> user.auth.Token throws baml.json.JsonParseError | baml.json.JsonDecodeError {
  Token { value: baml.json.from_json<string>(baml.json.field(j, "value")), role: baml.json.from_json<Role>(baml.json.field(j, "role")) } : user.auth.Token
}
type user.auth.TokenAlias = user.auth.Token
function user.auth.AuthIdentity(cfg: user.auth.Config) -> user.auth.Config throws never {
  { : user.auth.Config
    cfg : user.auth.Config
  }
}
function user.auth.AuthConstruct(provider: string) -> user.auth.Config throws never {
  { : user.auth.Config
    Config { provider: provider, secret: "s3cret" } : user.auth.Config
  }
}
function user.auth.AuthEnumReturn() -> user.auth.Role throws never {
  { : user.auth.Role.Admin
    Role.Admin : user.auth.Role.Admin
  }
}
function user.auth.AuthEnumMatch(r: user.auth.Role) -> string throws never {
  { : "admin" | "user" | "guest"
    match (r : user.auth.Role) : "admin" | "user" | "guest"
      Role.Admin =>
        "admin" : "admin"
      Role.User =>
        "user" : "user"
      Role.Guest =>
        "guest" : "guest"
  }
}
function user.auth.AuthAliasParam(t: user.auth.TokenAlias) -> string throws never {
  { : string
    t.value : string
  }
}
function user.auth.AuthThrowClass(x: int) -> string throws never {
  { : "ok"
    match (x : int) : "ok"
      0 =>
        throw Error { realm: "auth failed", expired: true } : never
      _ =>
        "ok" : "ok"
  }
}
function user.auth.AuthThrowEnum(x: int) -> string throws never {
  { : "ok"
    match (x : int) : "ok"
      0 =>
        throw Role.Guest : never
      _ =>
        "ok" : "ok"
  }
}
function user.auth.AuthMakeToken(v: string) -> user.auth.Token throws never {
  { : user.auth.Token
    Token { value: v, role: Role.User } : user.auth.Token
  }
}
function user.auth.AuthUsesRootConfig(cfg: user.Config) -> string throws never {
  { : string
    cfg.key : string
  }
}
function user.auth.AuthUsesRootStatus() -> user.Status throws never {
  { : user.Status.Pending
    root.Status.Pending : user.Status.Pending
  }
}
function user.auth.AuthMatchesRootStatus(s: user.Status) -> string throws never {
  { : "ok" | "failed" | "pending"
    match (s : user.Status) : "ok" | "failed" | "pending"
      root.Status.Ok =>
        "ok" : "ok"
      root.Status.Failed =>
        "failed" : "failed"
      root.Status.Pending =>
        "pending" : "pending"
  }
}
function user.auth.AuthThrowsRootError(x: int) -> string throws never {
  { : "ok"
    match (x : int) : "ok"
      0 =>
        throw root.Error { code: 403, message: "forbidden" } : never
      _ =>
        "ok" : "ok"
  }
}
function user.auth.AuthUsesLlmConfig(cfg: user.llm.Config) -> string throws never {
  { : string
    cfg.model : string
  }
}
function user.auth.AuthUsesLlmResponse(r: user.llm.Response) -> string throws never {
  { : string
    r.text : string
  }
}
function user.auth.AuthUsesLlmStatus() -> user.llm.Status throws never {
  { : user.llm.Status.Ready
    root.llm.Status.Ready : user.llm.Status.Ready
  }
}
function user.auth.AuthMatchesLlmStatus(s: user.llm.Status) -> string throws never {
  { : "ready" | "generating" | "done"
    match (s : user.llm.Status) : "ready" | "generating" | "done"
      root.llm.Status.Ready =>
        "ready" : "ready"
      root.llm.Status.Generating =>
        "generating" : "generating"
      root.llm.Status.Done =>
        "done" : "done"
  }
}
function user.auth.AuthUsesNestedClient(c: user.llm.openai.Client) -> string throws never {
  { : string
    c.api_key : string
  }
}
function user.auth.AuthMixedConfigs(auth_cfg: user.auth.Config, root_cfg: user.Config, llm_cfg: user.llm.Config) -> string throws never {
  { : string
    auth_cfg.provider : string
  }
}
function user.auth.AuthMixedErrors(auth_err: user.auth.Error, root_err: user.Error, llm_err: user.llm.Error) -> string throws never {
  { : string
    auth_err.realm : string
  }
}
class user.auth.Config$stream {
  provider: null | string
  secret: null | string
}
class user.auth.Error$stream {
  realm: null | string
  expired: null | bool
}
class user.auth.Token$stream {
  value: null | string
  role: null | user.auth.Role
}
type user.auth.TokenAlias$stream = user.auth.Token$stream
class user.llm.Config {
  model: string
  temperature: float
}
function user.llm.Config.to_json(self: user.llm.Config) -> baml.json.json throws baml.json.JsonSerializationError | baml.json.JsonParseError {
  map { "model": self.model.to_json(), "temperature": self.temperature.to_json() } : map<string, baml.json.json>
}
function user.llm.Config.from_json(j: baml.json.json) -> user.llm.Config throws baml.json.JsonParseError | baml.json.JsonDecodeError {
  Config { model: baml.json.from_json<string>(baml.json.field(j, "model")), temperature: baml.json.from_json<float>(baml.json.field(j, "temperature")) } : user.llm.Config
}
class user.llm.Error {
  reason: string
  retryable: bool
}
function user.llm.Error.to_json(self: user.llm.Error) -> baml.json.json throws baml.json.JsonSerializationError | baml.json.JsonParseError {
  map { "reason": self.reason.to_json(), "retryable": self.retryable.to_json() } : map<string, baml.json.json>
}
function user.llm.Error.from_json(j: baml.json.json) -> user.llm.Error throws baml.json.JsonParseError | baml.json.JsonDecodeError {
  Error { reason: baml.json.from_json<string>(baml.json.field(j, "reason")), retryable: baml.json.from_json<bool>(baml.json.field(j, "retryable")) } : user.llm.Error
}
enum user.llm.Status
enum user.llm.Model
class user.llm.Response {
  text: string
  tokens: int
}
function user.llm.Response.to_json(self: user.llm.Response) -> baml.json.json throws baml.json.JsonSerializationError | baml.json.JsonParseError {
  map { "text": self.text.to_json(), "tokens": self.tokens.to_json() } : map<string, baml.json.json>
}
function user.llm.Response.from_json(j: baml.json.json) -> user.llm.Response throws baml.json.JsonParseError | baml.json.JsonDecodeError {
  Response { text: baml.json.from_json<string>(baml.json.field(j, "text")), tokens: baml.json.from_json<int>(baml.json.field(j, "tokens")) } : user.llm.Response
}
type user.llm.ConfigAlias = user.llm.Config
type user.llm.ResponseAlias = user.llm.Response
function user.llm.LlmIdentity(cfg: user.llm.Config) -> user.llm.Config throws never {
  { : user.llm.Config
    cfg : user.llm.Config
  }
}
function user.llm.LlmConstruct(model: string) -> user.llm.Config throws never {
  { : user.llm.Config
    Config { model: model, temperature: 0.7 } : user.llm.Config
  }
}
function user.llm.LlmEnumReturn() -> user.llm.Status throws never {
  { : user.llm.Status.Ready
    Status.Ready : user.llm.Status.Ready
  }
}
function user.llm.LlmEnumMatch(s: user.llm.Status) -> string throws never {
  { : "ready" | "generating" | "done"
    match (s : user.llm.Status) : "ready" | "generating" | "done"
      Status.Ready =>
        "ready" : "ready"
      Status.Generating =>
        "generating" : "generating"
      Status.Done =>
        "done" : "done"
  }
}
function user.llm.LlmAliasParam(cfg: user.llm.ConfigAlias) -> string throws never {
  { : string
    cfg.model : string
  }
}
function user.llm.LlmThrowClass(x: int) -> string throws never {
  { : "ok"
    match (x : int) : "ok"
      0 =>
        throw Error { reason: "llm failed", retryable: true } : never
      _ =>
        "ok" : "ok"
  }
}
function user.llm.LlmThrowEnum(x: int) -> string throws never {
  { : "ok"
    match (x : int) : "ok"
      0 =>
        throw Status.Done : never
      _ =>
        "ok" : "ok"
  }
}
function user.llm.LlmResponseConstruct(text: string) -> user.llm.Response throws never {
  { : user.llm.Response
    Response { text: text, tokens: 42 } : user.llm.Response
  }
}
function user.llm.LlmUsesRootConfig(cfg: user.Config) -> string throws never {
  { : string
    cfg.key : string
  }
}
function user.llm.LlmUsesRootError(e: user.Error) -> string throws never {
  { : string
    e.message : string
  }
}
function user.llm.LlmUsesRootStatus() -> user.Status throws never {
  { : user.Status.Ok
    root.Status.Ok : user.Status.Ok
  }
}
function user.llm.LlmMatchesRootStatus(s: user.Status) -> string throws never {
  { : "ok" | "failed" | "pending"
    match (s : user.Status) : "ok" | "failed" | "pending"
      root.Status.Ok =>
        "ok" : "ok"
      root.Status.Failed =>
        "failed" : "failed"
      root.Status.Pending =>
        "pending" : "pending"
  }
}
function user.llm.LlmUsesRootAlias(cfg: user.ConfigAlias) -> string throws never {
  { : string
    cfg.key : string
  }
}
function user.llm.LlmThrowsRootError(x: int) -> string throws never {
  { : "ok"
    match (x : int) : "ok"
      0 =>
        throw root.Error { code: 404, message: "not found" } : never
      _ =>
        "ok" : "ok"
  }
}
function user.llm.LlmThrowsRootEnum(x: int) -> string throws never {
  { : "ok"
    match (x : int) : "ok"
      0 =>
        throw root.Status.Failed : never
      _ =>
        "ok" : "ok"
  }
}
function user.llm.LlmUsesAuthConfig(cfg: user.auth.Config) -> string throws never {
  { : string
    cfg.provider : string
  }
}
function user.llm.LlmUsesAuthError(e: user.auth.Error) -> string throws never {
  { : string
    e.realm : string
  }
}
function user.llm.LlmUsesAuthRole() -> user.auth.Role throws never {
  { : user.auth.Role.Admin
    root.auth.Role.Admin : user.auth.Role.Admin
  }
}
function user.llm.LlmUsesNestedClient(c: user.llm.openai.Client) -> string throws never {
  { : string
    c.api_key : string
  }
}
function user.llm.LlmMixedConfigs(llm_cfg: user.llm.Config, root_cfg: user.Config, auth_cfg: user.auth.Config) -> string throws never {
  { : string
    llm_cfg.model : string
  }
}
class user.llm.LlmWithCrossNsFields {
  own_config: user.llm.Config
  own_response: user.llm.Response
  root_config: user.Config
  root_error: user.Error
  auth_config: user.auth.Config
  nested_client: user.llm.openai.Client
  own_status: user.llm.Status
  own_alias: user.llm.ConfigAlias
  root_alias: user.ConfigAlias
}
function user.llm.LlmWithCrossNsFields.to_json(self: user.llm.LlmWithCrossNsFields) -> baml.json.json throws baml.json.JsonSerializationError | baml.json.JsonParseError {
  map { "own_config": self.own_config.to_json(), "own_response": self.own_response.to_json(), "root_config": self.root_config.to_json(), "root_error": self.root_error.to_json(), "auth_config": self.auth_config.to_json(), "nested_client": self.nested_client.to_json(), "own_status": self.own_status.to_json(), "own_alias": self.own_alias.to_json(), "root_alias": self.root_alias.to_json() } : map<string, baml.json.json>
}
function user.llm.LlmWithCrossNsFields.from_json(j: baml.json.json) -> user.llm.LlmWithCrossNsFields throws baml.json.JsonParseError | baml.json.JsonDecodeError {
  LlmWithCrossNsFields { own_config: baml.json.from_json<Config>(baml.json.field(j, "own_config")), own_response: baml.json.from_json<Response>(baml.json.field(j, "own_response")), root_config: baml.json.from_json<root.Config>(baml.json.field(j, "root_config")), root_error: baml.json.from_json<root.Error>(baml.json.field(j, "root_error")), auth_config: baml.json.from_json<root.auth.Config>(baml.json.field(j, "auth_config")), nested_client: baml.json.from_json<root.llm.openai.Client>(baml.json.field(j, "nested_client")), own_status: baml.json.from_json<Status>(baml.json.field(j, "own_status")), own_alias: baml.json.from_json<ConfigAlias>(baml.json.field(j, "own_alias")), root_alias: baml.json.from_json<root.ConfigAlias>(baml.json.field(j, "root_alias")) } : user.llm.LlmWithCrossNsFields
}
class user.llm.LlmWithRootAlias {
  root_alias: user.ConfigAlias
  own_alias: user.llm.ResponseAlias
}
function user.llm.LlmWithRootAlias.to_json(self: user.llm.LlmWithRootAlias) -> baml.json.json throws baml.json.JsonSerializationError | baml.json.JsonParseError {
  map { "root_alias": self.root_alias.to_json(), "own_alias": self.own_alias.to_json() } : map<string, baml.json.json>
}
function user.llm.LlmWithRootAlias.from_json(j: baml.json.json) -> user.llm.LlmWithRootAlias throws baml.json.JsonParseError | baml.json.JsonDecodeError {
  LlmWithRootAlias { root_alias: baml.json.from_json<root.ConfigAlias>(baml.json.field(j, "root_alias")), own_alias: baml.json.from_json<ResponseAlias>(baml.json.field(j, "own_alias")) } : user.llm.LlmWithRootAlias
}
class user.llm.Config$stream {
  model: null | string
  temperature: null | float
}
class user.llm.Error$stream {
  reason: null | string
  retryable: null | bool
}
class user.llm.Response$stream {
  text: null | string
  tokens: null | int
}
type user.llm.ConfigAlias$stream = user.llm.Config$stream
type user.llm.ResponseAlias$stream = user.llm.Response$stream
class user.llm.LlmWithCrossNsFields$stream {
  own_config: null | user.llm.Config$stream
  own_response: null | user.llm.Response$stream
  root_config: null | user.Config$stream
  root_error: null | user.Error$stream
  auth_config: null | user.auth.Config$stream
  nested_client: null | user.llm.openai.Client$stream
  own_status: null | user.llm.Status
  own_alias: null | user.Config$stream
  root_alias: null | user.Config$stream
}
class user.llm.LlmWithRootAlias$stream {
  root_alias: null | user.Config$stream
  own_alias: null | user.llm.Response$stream
}
class user.llm.openai.Client {
  api_key: string
  org_id: string
}
function user.llm.openai.Client.to_json(self: user.llm.openai.Client) -> baml.json.json throws baml.json.JsonSerializationError | baml.json.JsonParseError {
  map { "api_key": self.api_key.to_json(), "org_id": self.org_id.to_json() } : map<string, baml.json.json>
}
function user.llm.openai.Client.from_json(j: baml.json.json) -> user.llm.openai.Client throws baml.json.JsonParseError | baml.json.JsonDecodeError {
  Client { api_key: baml.json.from_json<string>(baml.json.field(j, "api_key")), org_id: baml.json.from_json<string>(baml.json.field(j, "org_id")) } : user.llm.openai.Client
}
class user.llm.openai.Error {
  status_code: int
  body: string
}
function user.llm.openai.Error.to_json(self: user.llm.openai.Error) -> baml.json.json throws baml.json.JsonSerializationError | baml.json.JsonParseError {
  map { "status_code": self.status_code.to_json(), "body": self.body.to_json() } : map<string, baml.json.json>
}
function user.llm.openai.Error.from_json(j: baml.json.json) -> user.llm.openai.Error throws baml.json.JsonParseError | baml.json.JsonDecodeError {
  Error { status_code: baml.json.from_json<int>(baml.json.field(j, "status_code")), body: baml.json.from_json<string>(baml.json.field(j, "body")) } : user.llm.openai.Error
}
enum user.llm.openai.Model
function user.llm.openai.OpenAIIdentity(c: user.llm.openai.Client) -> user.llm.openai.Client throws never {
  { : user.llm.openai.Client
    c : user.llm.openai.Client
  }
}
function user.llm.openai.OpenAIConstruct(key: string) -> user.llm.openai.Client throws never {
  { : user.llm.openai.Client
    Client { api_key: key, org_id: "org-123" } : user.llm.openai.Client
  }
}
function user.llm.openai.OpenAIEnumReturn() -> user.llm.openai.Model throws never {
  { : user.llm.openai.Model.GPT4o
    Model.GPT4o : user.llm.openai.Model.GPT4o
  }
}
function user.llm.openai.OpenAIEnumMatch(m: user.llm.openai.Model) -> string throws never {
  { : "gpt4o" | "gpt4o-mini" | "o3"
    match (m : user.llm.openai.Model) : "gpt4o" | "gpt4o-mini" | "o3"
      Model.GPT4o =>
        "gpt4o" : "gpt4o"
      Model.GPT4oMini =>
        "gpt4o-mini" : "gpt4o-mini"
      Model.O3 =>
        "o3" : "o3"
  }
}
function user.llm.openai.OpenAIThrowClass(x: int) -> string throws never {
  { : "ok"
    match (x : int) : "ok"
      0 =>
        throw Error { status_code: 429, body: "rate limited" } : never
      _ =>
        "ok" : "ok"
  }
}
function user.llm.openai.OpenAIThrowEnum(x: int) -> string throws never {
  { : "ok"
    match (x : int) : "ok"
      0 =>
        throw Model.O3 : never
      _ =>
        "ok" : "ok"
  }
}
function user.llm.openai.OpenAIUsesRootConfig(cfg: user.Config) -> string throws never {
  { : string
    cfg.key : string
  }
}
function user.llm.openai.OpenAIUsesRootStatus() -> user.Status throws never {
  { : user.Status.Ok
    root.Status.Ok : user.Status.Ok
  }
}
function user.llm.openai.OpenAIMatchesRootStatus(s: user.Status) -> string throws never {
  { : "ok" | "failed" | "pending"
    match (s : user.Status) : "ok" | "failed" | "pending"
      root.Status.Ok =>
        "ok" : "ok"
      root.Status.Failed =>
        "failed" : "failed"
      root.Status.Pending =>
        "pending" : "pending"
  }
}
function user.llm.openai.OpenAIUsesLlmConfig(cfg: user.llm.Config) -> string throws never {
  { : string
    cfg.model : string
  }
}
function user.llm.openai.OpenAIUsesLlmResponse(r: user.llm.Response) -> string throws never {
  { : string
    r.text : string
  }
}
function user.llm.openai.OpenAIUsesLlmStatus() -> user.llm.Status throws never {
  { : user.llm.Status.Generating
    root.llm.Status.Generating : user.llm.Status.Generating
  }
}
function user.llm.openai.OpenAIMatchesLlmStatus(s: user.llm.Status) -> string throws never {
  { : "ready" | "generating" | "done"
    match (s : user.llm.Status) : "ready" | "generating" | "done"
      root.llm.Status.Ready =>
        "ready" : "ready"
      root.llm.Status.Generating =>
        "generating" : "generating"
      root.llm.Status.Done =>
        "done" : "done"
  }
}
function user.llm.openai.OpenAIUsesAuthConfig(cfg: user.auth.Config) -> string throws never {
  { : string
    cfg.provider : string
  }
}
function user.llm.openai.OpenAIUsesAuthRole() -> user.auth.Role throws never {
  { : user.auth.Role.User
    root.auth.Role.User : user.auth.Role.User
  }
}
function user.llm.openai.OpenAIMatchesAuthRole(r: user.auth.Role) -> string throws never {
  { : "admin" | "user" | "guest"
    match (r : user.auth.Role) : "admin" | "user" | "guest"
      root.auth.Role.Admin =>
        "admin" : "admin"
      root.auth.Role.User =>
        "user" : "user"
      root.auth.Role.Guest =>
        "guest" : "guest"
  }
}
function user.llm.openai.OpenAIMixedErrors(openai_err: user.llm.openai.Error, root_err: user.Error, llm_err: user.llm.Error, auth_err: user.auth.Error) -> string throws never {
  { : string
    openai_err.body : string
  }
}
function user.llm.openai.OpenAIMixedModels(openai_model: user.llm.openai.Model, llm_model: user.llm.Model) -> string throws never {
  { : "gpt4o" | "mini" | "o3"
    match (openai_model : user.llm.openai.Model) : "gpt4o" | "mini" | "o3"
      Model.GPT4o =>
        "gpt4o" : "gpt4o"
      Model.GPT4oMini =>
        "mini" : "mini"
      Model.O3 =>
        "o3" : "o3"
  }
}
class user.llm.openai.Client$stream {
  api_key: null | string
  org_id: null | string
}
class user.llm.openai.Error$stream {
  status_code: null | int
  body: null | string
}
