---
source: crates/baml_tests/src/generated_tests.rs
---
Slash "/"
Slash "/"
Word "Byte"
Word "string"
Word "literal"
Word "tests"
Function "function"
Word "ByteStringBasic"
LParen "("
RParen ")"
Arrow "->"
Word "int"
LBrace "{"
Let "let"
Word "data"
Equals "="
Word "b"
Quote "\""
Word "hello"
Quote "\""
Semicolon ";"
Word "data"
Dot "."
Word "length"
LParen "("
RParen ")"
RBrace "}"
Function "function"
Word "ByteStringEmpty"
LParen "("
RParen ")"
Arrow "->"
Word "int"
LBrace "{"
Let "let"
Word "data"
Equals "="
Word "b"
Quote "\""
Quote "\""
Semicolon ";"
Word "data"
Dot "."
Word "length"
LParen "("
RParen ")"
RBrace "}"
Function "function"
Word "ByteStringHexEscapes"
LParen "("
RParen ")"
Arrow "->"
Word "int"
LBrace "{"
Let "let"
Word "data"
Equals "="
Word "b"
Quote "\""
Backslash "\\"
Word "x48"
Backslash "\\"
Word "x65"
Backslash "\\"
Word "x6c"
Backslash "\\"
Word "x6c"
Backslash "\\"
Word "x6f"
Quote "\""
Semicolon ";"
Word "data"
Dot "."
Word "length"
LParen "("
RParen ")"
RBrace "}"
Function "function"
Word "ByteStringStandardEscapes"
LParen "("
RParen ")"
Arrow "->"
Word "int"
LBrace "{"
Let "let"
Word "data"
Equals "="
Word "b"
Quote "\""
Backslash "\\"
Word "n"
Backslash "\\"
Word "t"
Backslash "\\"
Word "r"
Backslash "\\"
IntegerLiteral "0"
Backslash "\\"
Backslash "\\"
Backslash "\\"
Quote "\""
Quote "\""
Semicolon ";"
Word "data"
Dot "."
Word "length"
LParen "("
RParen ")"
RBrace "}"
Function "function"
Word "ByteStringIndexAccess"
LParen "("
RParen ")"
Arrow "->"
Word "int"
Question "?"
LBrace "{"
Let "let"
Word "data"
Equals "="
Word "b"
Quote "\""
Backslash "\\"
Word "x41"
Backslash "\\"
Word "x42"
Backslash "\\"
Word "x43"
Quote "\""
Semicolon ";"
Word "data"
Dot "."
Word "at"
LParen "("
IntegerLiteral "0"
RParen ")"
RBrace "}"
