---
source: crates/baml_tests/src/generated_tests.rs
---
=== MIR2 ===
fn user.test_arity_mismatch() -> int[] {
    // Locals:
    let _0: int[] // _0 // return
    let _1: int[] // items
    let _2: int[]
    let _3: (int, void) -> int

    bb0: {
        _1 = [const 1_i64, const 2_i64, const 3_i64];
        _2 = copy _1;
        _3 = make_closure lambda[0]();
        _0 = call const fn baml.Array.map(copy _2, copy _3) -> [bb1];
    }

    bb1: {
        goto -> bb2;
    }

    bb2: {
        return;
    }
}

fn .<lambda(test_arity_mismatch, 0)>(x: null, y: null) -> null {
    // Locals:
    let _0: null // _0 // return
    let _1: null // x // param
    let _2: null // y // param

    bb0: {
        _0 = copy _1;
        goto -> bb1;
    }

    bb1: {
        return;
    }
}

fn user.test_no_annotation_no_context() -> int {
    // Locals:
    let _0: int // _0 // return

    bb0: {
        _0 = const 0_i64;
        goto -> bb1;
    }

    bb1: {
        return;
    }
}

fn .<lambda(test_no_annotation_no_context, 0)>(x: null) -> null {
    // Locals:
    let _0: null // _0 // return
    let _1: null // x // param

    bb0: {
        _0 = copy _1 * const 2_i64;
        goto -> bb1;
    }

    bb1: {
        return;
    }
}

fn user.test_param_type_mismatch() -> int[] {
    // Locals:
    let _0: int[] // _0 // return
    let _1: int[] // items
    let _2: int[]
    let _3: (string) -> string

    bb0: {
        _1 = [const 1_i64, const 2_i64, const 3_i64];
        _2 = copy _1;
        _3 = make_closure lambda[0]();
        _0 = call const fn baml.Array.map(copy _2, copy _3) -> [bb1];
    }

    bb1: {
        goto -> bb2;
    }

    bb2: {
        return;
    }
}

fn .<lambda(test_param_type_mismatch, 0)>(x: string) -> null {
    // Locals:
    let _0: null // _0 // return
    let _1: string // x // param

    bb0: {
        _0 = copy _1;
        goto -> bb1;
    }

    bb1: {
        return;
    }
}

fn user.test_return_mismatch() -> int {
    // Locals:
    let _0: int // _0 // return

    bb0: {
        _0 = const 0_i64;
        goto -> bb1;
    }

    bb1: {
        return;
    }
}

fn .<lambda(test_return_mismatch, 0)>(x: int) -> null {
    // Locals:
    let _0: null // _0 // return
    let _1: int // x // param

    bb0: {
        _0 = copy _1 * const 2_i64;
        goto -> bb1;
    }

    bb1: {
        return;
    }
}
