---
source: crates/baml_tests/src/generated_tests.rs
---
=== TYPE INFERENCE ===
  Function Foo:
    Return: Unknown { attr: TyAttr(None) }
    Errors:
      - Unknown type for variable `GPT4`
  Function Incomplete:
    Return: Unknown { attr: TyAttr(None) }
  Function NextFunction:
    Return: String { attr: TyAttr(None) }
