---
source: crates/baml_tests/src/generated_tests.rs
---
=== TIR2 ===
function user._thrower() -> int throws baml.errors.ParseError {
  { : int
    int.parse("nope") : int
  }
}
function user.catch_with_headers() -> int throws never {
  { : int | 1 | 0
    catch (_thrower() : int) : int | 1 | 0
      catch (e)
        p: baml.errors.ParseError =>
          1 : 1
        _ =>
          0 : 0
  }
  ?? 740..741: unreachable arm
}
function user.match_with_headers(x: int) -> int throws never {
  { : 1 | 2
    match (x : int) : 1 | 2
      0 =>
        1 : 1
      _ =>
        2 : 2
  }
}
