---
source: target/debug/build/baml_tests-176fd1045f27e6d5/out/generated_tests.rs
expression: output
---
=== BYTECODE ===
Functions: 4
Objects: 32
Globals: 28

Function Calculate (arity: 0, kind: Exec):
     0    LOAD_CONST 0   (null)
     1    LOAD_CONST 0   (null)
     2    LOAD_CONST 1   (1)
     3    LOAD_CONST 2   (2)
     4    BIN_OP +       
     5    STORE_VAR 1    (a)
     6    LOAD_VAR 1     (a)
     7    LOAD_CONST 3   (3)
     8    BIN_OP *       
     9    STORE_VAR 2    (b)
     10   LOAD_VAR 1     (a)
     11   LOAD_VAR 2     (b)
     12   BIN_OP +       
     13   LOAD_VAR 2     (b)
     14   LOAD_CONST 2   (2)
     15   BIN_OP /       
     16   LOAD_CONST 1   (1)
     17   BIN_OP -       
     18   BIN_OP *       
     19   RETURN         

Function FieldAccess (arity: 1, kind: Exec):
     0    LOAD_CONST 0         (null)
     1    LOAD_CONST 0         (null)
     2    LOAD_CONST 0         (null)
     3    LOAD_VAR 1           (user)
     4    LOAD_FIELD 0         
     5    STORE_VAR 2          (name)
     6    LOAD_VAR 1           (user)
     7    LOAD_FIELD 1         
     8    LOAD_FIELD 0         
     9    STORE_VAR 3          (bio)
     10   LOAD_VAR 1           (user)
     11   LOAD_FIELD 2         
     12   LOAD_CONST 1         (0)
     13   LOAD_ARRAY_ELEMENT   
     14   STORE_VAR 4          (firstTag)
     15   LOAD_VAR 1           (user)
     16   LOAD_FIELD 1         
     17   LOAD_FIELD 1         
     18   LOAD_FIELD 0         
     19   RETURN               

Function IndexAccess (arity: 1, kind: Exec):
     0    LOAD_CONST 0         (null)
     1    LOAD_CONST 0         (null)
     2    LOAD_CONST 0         (null)
     3    LOAD_VAR 1           (users)
     4    LOAD_CONST 1         (0)
     5    LOAD_ARRAY_ELEMENT   
     6    STORE_VAR 2          (first)
     7    LOAD_VAR 1           (users)
     8    LOAD_CONST 2         (1)
     9    LOAD_ARRAY_ELEMENT   
     10   STORE_VAR 3          (second)
     11   LOAD_VAR 1           (users)
     12   LOAD_CONST 1         (0)
     13   LOAD_ARRAY_ELEMENT   
     14   LOAD_FIELD 2         
     15   LOAD_CONST 1         (0)
     16   LOAD_ARRAY_ELEMENT   
     17   STORE_VAR 4          (tag)
     18   LOAD_VAR 1           (users)
     19   LOAD_CONST 1         (0)
     20   LOAD_ARRAY_ELEMENT   
     21   LOAD_FIELD 0         
     22   RETURN               

Function TestPrecedence (arity: 0, kind: Exec):
     0    LOAD_CONST 0           (null)
     1    LOAD_CONST 0           (null)
     2    LOAD_CONST 0           (null)
     3    LOAD_CONST 1           (2)
     4    LOAD_CONST 2           (3)
     5    BIN_OP *               
     6    LOAD_CONST 3           (4)
     7    BIN_OP +               
     8    STORE_VAR 1            (c)
     9    LOAD_CONST 1           (2)
     10   LOAD_CONST 2           (3)
     11   LOAD_CONST 3           (4)
     12   BIN_OP *               
     13   BIN_OP +               
     14   LOAD_CONST 4           (10)
     15   LOAD_CONST 1           (2)
     16   BIN_OP +               
     17   CMP_OP >               
     18   STORE_VAR 2            (b)
     19   LOAD_CONST 5           (true)
     20   POP_JUMP_IF_FALSE +2   (to 22)
     21   JUMP +10               (to 31)
     22   LOAD_CONST 6           (false)
     23   POP_JUMP_IF_FALSE +2   (to 25)
     24   JUMP +4                (to 28)
     25   LOAD_CONST 6           (false)
     26   STORE_VAR 3            (d)
     27   JUMP +6                (to 33)
     28   LOAD_CONST 6           (false)
     29   STORE_VAR 3            (d)
     30   JUMP +3                (to 33)
     31   LOAD_CONST 5           (true)
     32   STORE_VAR 3            (d)
     33   LOAD_VAR 3             (d)
     34   RETURN
