---
source: crates/baml_tests/tests/baml_src.rs
assertion_line: 140
---
function arrays.$init_test_ns_arrays_arrays(registry: testing.TestCollector) -> null {
    load_var registry
    load_const "array_literal"
    make_closure .<lambda($init_test_ns_arrays_arrays, 0)>, 0
    load_const null
    call testing.TestCollector.register_test
    pop 1
    load_var registry
    load_const "array_assign_to_variable"
    make_closure .<lambda($init_test_ns_arrays_arrays, 1)>, 0
    load_const null
    call testing.TestCollector.register_test
    pop 1
    load_var registry
    load_const "array_push"
    make_closure .<lambda($init_test_ns_arrays_arrays, 2)>, 0
    load_const null
    call testing.TestCollector.register_test
    pop 1
    load_var registry
    load_const "array_sort_ints_in_place"
    make_closure .<lambda($init_test_ns_arrays_arrays, 3)>, 0
    load_const null
    call testing.TestCollector.register_test
    pop 1
    load_var registry
    load_const "array_sort_returns_self"
    make_closure .<lambda($init_test_ns_arrays_arrays, 4)>, 0
    load_const null
    call testing.TestCollector.register_test
    pop 1
    load_var registry
    load_const "array_sort_empty_is_noop"
    make_closure .<lambda($init_test_ns_arrays_arrays, 5)>, 0
    load_const null
    call testing.TestCollector.register_test
    pop 1
    load_var registry
    load_const "array_sort_duplicates_stable"
    make_closure .<lambda($init_test_ns_arrays_arrays, 6)>, 0
    load_const null
    call testing.TestCollector.register_test
    pop 1
    load_var registry
    load_const "array_sort_strings"
    make_closure .<lambda($init_test_ns_arrays_arrays, 7)>, 0
    load_const null
    call testing.TestCollector.register_test
    pop 1
    load_var registry
    load_const "array_sort_bigints"
    make_closure .<lambda($init_test_ns_arrays_arrays, 8)>, 0
    load_const null
    call testing.TestCollector.register_test
    pop 1
    load_var registry
    load_const "array_sort_mixed_int_float"
    make_closure .<lambda($init_test_ns_arrays_arrays, 9)>, 0
    load_const null
    call testing.TestCollector.register_test
    pop 1
    load_var registry
    load_const "array_sort_rejects_null"
    make_closure .<lambda($init_test_ns_arrays_arrays, 10)>, 0
    load_const null
    call testing.TestCollector.register_test
    pop 1
    load_var registry
    load_const "array_sort_rejects_class_instances"
    make_closure .<lambda($init_test_ns_arrays_arrays, 11)>, 0
    load_const null
    call testing.TestCollector.register_test
    pop 1
    load_var registry
    load_const "array_sort_failure_does_not_write_back"
    make_closure .<lambda($init_test_ns_arrays_arrays, 12)>, 0
    load_const null
    call testing.TestCollector.register_test
    pop 1
    load_var registry
    load_const "array_sort_by_descending"
    make_closure .<lambda($init_test_ns_arrays_arrays, 13)>, 0
    load_const null
    call testing.TestCollector.register_test
    pop 1
    load_var registry
    load_const "array_sort_by_returns_self"
    make_closure .<lambda($init_test_ns_arrays_arrays, 15)>, 0
    load_const null
    call testing.TestCollector.register_test
    pop 1
    load_var registry
    load_const "array_sort_by_callback_throws"
    make_closure .<lambda($init_test_ns_arrays_arrays, 17)>, 0
    load_const null
    call testing.TestCollector.register_test
    pop 1
    load_var registry
    load_const "array_sort_by_key_class_field"
    make_closure .<lambda($init_test_ns_arrays_arrays, 19)>, 0
    load_const null
    call testing.TestCollector.register_test
    pop 1
    load_var registry
    load_const "array_sort_by_key_stable"
    make_closure .<lambda($init_test_ns_arrays_arrays, 22)>, 0
    load_const null
    call testing.TestCollector.register_test
    pop 1
    load_var registry
    load_const "array_sort_by_key_called_once_per_element"
    make_closure .<lambda($init_test_ns_arrays_arrays, 25)>, 0
    load_const null
    call testing.TestCollector.register_test
    pop 1
    load_var registry
    load_const "array_sort_by_key_empty_does_not_call_callback"
    make_closure .<lambda($init_test_ns_arrays_arrays, 27)>, 0
    load_const null
    call testing.TestCollector.register_test
    pop 1
    load_var registry
    load_const "array_sort_by_key_callback_throws"
    make_closure .<lambda($init_test_ns_arrays_arrays, 29)>, 0
    load_const null
    call testing.TestCollector.register_test
    pop 1
    load_var registry
    load_const "array_sort_by_key_throw_does_not_write_back"
    make_closure .<lambda($init_test_ns_arrays_arrays, 31)>, 0
    load_const null
    call testing.TestCollector.register_test
    pop 1
    load_var registry
    load_const "array_sort_by_key_rejects_nullable_key"
    make_closure .<lambda($init_test_ns_arrays_arrays, 33)>, 0
    load_const null
    call testing.TestCollector.register_test
    pop 1
    load_var registry
    load_const "array_sort_by_key_returns_self"
    make_closure .<lambda($init_test_ns_arrays_arrays, 35)>, 0
    load_const null
    call testing.TestCollector.register_test
    pop 1
    load_var registry
    load_const "array_map_simple_double"
    make_closure .<lambda($init_test_ns_arrays_arrays, 37)>, 0
    load_const null
    call testing.TestCollector.register_test
    pop 1
    load_var registry
    load_const "array_map_empty_array"
    make_closure .<lambda($init_test_ns_arrays_arrays, 39)>, 0
    load_const null
    call testing.TestCollector.register_test
    pop 1
    load_var registry
    load_const "array_map_single_element"
    make_closure .<lambda($init_test_ns_arrays_arrays, 41)>, 0
    load_const null
    call testing.TestCollector.register_test
    pop 1
    load_var registry
    load_const "array_map_closure_captures_multiple_variables"
    make_closure .<lambda($init_test_ns_arrays_arrays, 43)>, 0
    load_const null
    call testing.TestCollector.register_test
    pop 1
    load_var registry
    load_const "array_map_callback_throws"
    make_closure .<lambda($init_test_ns_arrays_arrays, 45)>, 0
    load_const null
    call testing.TestCollector.register_test
    pop 1
    load_var registry
    load_const "array_map_callback_in_catch_base_keeps_parameter_scope"
    make_closure .<lambda($init_test_ns_arrays_arrays, 47)>, 0
    load_const null
    call testing.TestCollector.register_test
    pop 1
    load_var registry
    load_const "array_map_string_elements"
    make_closure .<lambda($init_test_ns_arrays_arrays, 49)>, 0
    load_const null
    call testing.TestCollector.register_test
    pop 1
    load_var registry
    load_const "array_clear_non_empty"
    make_closure .<lambda($init_test_ns_arrays_arrays, 51)>, 0
    load_const null
    call testing.TestCollector.register_test
    pop 1
    load_var registry
    load_const "array_clear_already_empty_is_noop"
    make_closure .<lambda($init_test_ns_arrays_arrays, 52)>, 0
    load_const null
    call testing.TestCollector.register_test
    pop 1
    load_var registry
    load_const "array_clear_returns_array_after"
    make_closure .<lambda($init_test_ns_arrays_arrays, 53)>, 0
    load_const null
    call testing.TestCollector.register_test
    pop 1
    load_var registry
    load_const "array_shift_returns_first_element"
    make_closure .<lambda($init_test_ns_arrays_arrays, 54)>, 0
    load_const null
    call testing.TestCollector.register_test
    pop 1
    load_var registry
    load_const "array_shift_modifies_array_in_place"
    make_closure .<lambda($init_test_ns_arrays_arrays, 55)>, 0
    load_const null
    call testing.TestCollector.register_test
    pop 1
    load_var registry
    load_const "array_shift_empty_returns_null"
    make_closure .<lambda($init_test_ns_arrays_arrays, 56)>, 0
    load_const null
    call testing.TestCollector.register_test
    pop 1
    load_var registry
    load_const "array_shift_repeated_drains_array"
    make_closure .<lambda($init_test_ns_arrays_arrays, 57)>, 0
    load_const null
    call testing.TestCollector.register_test
    pop 1
    load_var registry
    load_const "array_unshift_returns_new_length"
    make_closure .<lambda($init_test_ns_arrays_arrays, 58)>, 0
    load_const null
    call testing.TestCollector.register_test
    pop 1
    load_var registry
    load_const "array_unshift_inserts_at_front"
    make_closure .<lambda($init_test_ns_arrays_arrays, 59)>, 0
    load_const null
    call testing.TestCollector.register_test
    pop 1
    load_var registry
    load_const "array_unshift_empty_array"
    make_closure .<lambda($init_test_ns_arrays_arrays, 60)>, 0
    load_const null
    call testing.TestCollector.register_test
    pop 1
    load_var registry
    load_const "array_insert_in_middle"
    make_closure .<lambda($init_test_ns_arrays_arrays, 61)>, 0
    load_const null
    call testing.TestCollector.register_test
    pop 1
    load_var registry
    load_const "array_insert_at_zero"
    make_closure .<lambda($init_test_ns_arrays_arrays, 62)>, 0
    load_const null
    call testing.TestCollector.register_test
    pop 1
    load_var registry
    load_const "array_insert_at_length_appends"
    make_closure .<lambda($init_test_ns_arrays_arrays, 63)>, 0
    load_const null
    call testing.TestCollector.register_test
    pop 1
    load_var registry
    load_const "array_insert_returns_new_length"
    make_closure .<lambda($init_test_ns_arrays_arrays, 64)>, 0
    load_const null
    call testing.TestCollector.register_test
    pop 1
    load_var registry
    load_const "array_insert_empty_array_at_zero"
    make_closure .<lambda($init_test_ns_arrays_arrays, 65)>, 0
    load_const null
    call testing.TestCollector.register_test
    pop 1
    load_var registry
    load_const "array_insert_negative_throws"
    make_closure .<lambda($init_test_ns_arrays_arrays, 66)>, 0
    load_const null
    call testing.TestCollector.register_test
    pop 1
    load_var registry
    load_const "array_insert_past_length_throws"
    make_closure .<lambda($init_test_ns_arrays_arrays, 67)>, 0
    load_const null
    call testing.TestCollector.register_test
    pop 1
    load_var registry
    load_const "array_splice_replaces_range"
    make_closure .<lambda($init_test_ns_arrays_arrays, 68)>, 0
    load_const null
    call testing.TestCollector.register_test
    pop 1
    load_var registry
    load_const "array_splice_pure_insertion"
    make_closure .<lambda($init_test_ns_arrays_arrays, 69)>, 0
    load_const null
    call testing.TestCollector.register_test
    pop 1
    load_var registry
    load_const "array_splice_pure_removal"
    make_closure .<lambda($init_test_ns_arrays_arrays, 70)>, 0
    load_const null
    call testing.TestCollector.register_test
    pop 1
    load_var registry
    load_const "array_splice_count_clamped_to_length"
    make_closure .<lambda($init_test_ns_arrays_arrays, 71)>, 0
    load_const null
    call testing.TestCollector.register_test
    pop 1
    load_var registry
    load_const "array_splice_at_length_appends"
    make_closure .<lambda($init_test_ns_arrays_arrays, 72)>, 0
    load_const null
    call testing.TestCollector.register_test
    pop 1
    load_var registry
    load_const "array_splice_replace_with_longer"
    make_closure .<lambda($init_test_ns_arrays_arrays, 73)>, 0
    load_const null
    call testing.TestCollector.register_test
    pop 1
    load_var registry
    load_const "array_splice_negative_start_throws"
    make_closure .<lambda($init_test_ns_arrays_arrays, 74)>, 0
    load_const null
    call testing.TestCollector.register_test
    pop 1
    load_var registry
    load_const "array_splice_start_past_length_throws"
    make_closure .<lambda($init_test_ns_arrays_arrays, 75)>, 0
    load_const null
    call testing.TestCollector.register_test
    pop 1
    load_var registry
    load_const "array_splice_negative_count_throws"
    make_closure .<lambda($init_test_ns_arrays_arrays, 76)>, 0
    load_const null
    call testing.TestCollector.register_test
    pop 1
    load_var registry
    load_const "array_some_finds_match"
    make_closure .<lambda($init_test_ns_arrays_arrays, 77)>, 0
    load_const null
    call testing.TestCollector.register_test
    pop 1
    load_var registry
    load_const "array_some_no_match"
    make_closure .<lambda($init_test_ns_arrays_arrays, 79)>, 0
    load_const null
    call testing.TestCollector.register_test
    pop 1
    load_var registry
    load_const "array_some_empty_is_false"
    make_closure .<lambda($init_test_ns_arrays_arrays, 81)>, 0
    load_const null
    call testing.TestCollector.register_test
    pop 1
    load_var registry
    load_const "array_some_short_circuits"
    make_closure .<lambda($init_test_ns_arrays_arrays, 83)>, 0
    load_const null
    call testing.TestCollector.register_test
    pop 1
    load_var registry
    load_const "array_some_propagates_error"
    make_closure .<lambda($init_test_ns_arrays_arrays, 85)>, 0
    load_const null
    call testing.TestCollector.register_test
    pop 1
    load_var registry
    load_const "array_every_all_match"
    make_closure .<lambda($init_test_ns_arrays_arrays, 87)>, 0
    load_const null
    call testing.TestCollector.register_test
    pop 1
    load_var registry
    load_const "array_every_one_fails"
    make_closure .<lambda($init_test_ns_arrays_arrays, 89)>, 0
    load_const null
    call testing.TestCollector.register_test
    pop 1
    load_var registry
    load_const "array_every_empty_is_true"
    make_closure .<lambda($init_test_ns_arrays_arrays, 91)>, 0
    load_const null
    call testing.TestCollector.register_test
    pop 1
    load_var registry
    load_const "array_every_short_circuits_on_false"
    make_closure .<lambda($init_test_ns_arrays_arrays, 93)>, 0
    load_const null
    call testing.TestCollector.register_test
    pop 1
    load_var registry
    load_const "array_find_returns_first_match"
    make_closure .<lambda($init_test_ns_arrays_arrays, 95)>, 0
    load_const null
    call testing.TestCollector.register_test
    pop 1
    load_var registry
    load_const "array_find_returns_null_when_no_match"
    make_closure .<lambda($init_test_ns_arrays_arrays, 97)>, 0
    load_const null
    call testing.TestCollector.register_test
    pop 1
    load_var registry
    load_const "array_find_empty_is_null"
    make_closure .<lambda($init_test_ns_arrays_arrays, 99)>, 0
    load_const null
    call testing.TestCollector.register_test
    pop 1
    load_var registry
    load_const "array_find_index_returns_first_index"
    make_closure .<lambda($init_test_ns_arrays_arrays, 101)>, 0
    load_const null
    call testing.TestCollector.register_test
    pop 1
    load_var registry
    load_const "array_find_index_returns_null_when_no_match"
    make_closure .<lambda($init_test_ns_arrays_arrays, 103)>, 0
    load_const null
    call testing.TestCollector.register_test
    pop 1
    load_var registry
    load_const "array_find_short_circuits"
    make_closure .<lambda($init_test_ns_arrays_arrays, 105)>, 0
    load_const null
    call testing.TestCollector.register_test
    pop 1
    load_var registry
    load_const "array_find_last_returns_last_match"
    make_closure .<lambda($init_test_ns_arrays_arrays, 107)>, 0
    load_const null
    call testing.TestCollector.register_test
    pop 1
    load_var registry
    load_const "array_find_last_returns_null_when_no_match"
    make_closure .<lambda($init_test_ns_arrays_arrays, 109)>, 0
    load_const null
    call testing.TestCollector.register_test
    pop 1
    load_var registry
    load_const "array_find_last_index_returns_last_index"
    make_closure .<lambda($init_test_ns_arrays_arrays, 111)>, 0
    load_const null
    call testing.TestCollector.register_test
    pop 1
    load_var registry
    load_const "array_find_last_iterates_back_to_front"
    make_closure .<lambda($init_test_ns_arrays_arrays, 113)>, 0
    load_const null
    call testing.TestCollector.register_test
    pop 1
    load_var registry
    load_const "array_find_last_empty_is_null"
    make_closure .<lambda($init_test_ns_arrays_arrays, 115)>, 0
    load_const null
    call testing.TestCollector.register_test
    pop 1
    load_var registry
    load_const "array_includes_present"
    make_closure .<lambda($init_test_ns_arrays_arrays, 117)>, 0
    load_const null
    call testing.TestCollector.register_test
    pop 1
    load_var registry
    load_const "array_includes_absent"
    make_closure .<lambda($init_test_ns_arrays_arrays, 118)>, 0
    load_const null
    call testing.TestCollector.register_test
    pop 1
    load_var registry
    load_const "array_includes_empty"
    make_closure .<lambda($init_test_ns_arrays_arrays, 119)>, 0
    load_const null
    call testing.TestCollector.register_test
    pop 1
    load_var registry
    load_const "array_includes_strings"
    make_closure .<lambda($init_test_ns_arrays_arrays, 120)>, 0
    load_const null
    call testing.TestCollector.register_test
    pop 1
    load_var registry
    load_const "array_index_of_present"
    make_closure .<lambda($init_test_ns_arrays_arrays, 121)>, 0
    load_const null
    call testing.TestCollector.register_test
    pop 1
    load_var registry
    load_const "array_index_of_first_match"
    make_closure .<lambda($init_test_ns_arrays_arrays, 122)>, 0
    load_const null
    call testing.TestCollector.register_test
    pop 1
    load_var registry
    load_const "array_index_of_absent"
    make_closure .<lambda($init_test_ns_arrays_arrays, 123)>, 0
    load_const null
    call testing.TestCollector.register_test
    pop 1
    load_var registry
    load_const "array_last_index_of_returns_last_match"
    make_closure .<lambda($init_test_ns_arrays_arrays, 124)>, 0
    load_const null
    call testing.TestCollector.register_test
    pop 1
    load_var registry
    load_const "array_last_index_of_absent"
    make_closure .<lambda($init_test_ns_arrays_arrays, 125)>, 0
    load_const null
    call testing.TestCollector.register_test
    pop 1
    load_var registry
    load_const "array_reduce_sum"
    make_closure .<lambda($init_test_ns_arrays_arrays, 126)>, 0
    load_const null
    call testing.TestCollector.register_test
    pop 1
    load_var registry
    load_const "array_reduce_with_nonzero_initial"
    make_closure .<lambda($init_test_ns_arrays_arrays, 128)>, 0
    load_const null
    call testing.TestCollector.register_test
    pop 1
    load_var registry
    load_const "array_reduce_empty_returns_initial"
    make_closure .<lambda($init_test_ns_arrays_arrays, 130)>, 0
    load_const null
    call testing.TestCollector.register_test
    pop 1
    load_var registry
    load_const "array_reduce_visits_every_element"
    make_closure .<lambda($init_test_ns_arrays_arrays, 132)>, 0
    load_const null
    call testing.TestCollector.register_test
    pop 1
    load_var registry
    load_const "array_reduce_concat_strings"
    make_closure .<lambda($init_test_ns_arrays_arrays, 134)>, 0
    load_const null
    call testing.TestCollector.register_test
    pop 1
    load_var registry
    load_const "array_flat_map_doubles_each_element"
    make_closure .<lambda($init_test_ns_arrays_arrays, 136)>, 0
    load_const null
    call testing.TestCollector.register_test
    pop 1
    load_var registry
    load_const "array_flat_map_with_empty_inner_arrays"
    make_closure .<lambda($init_test_ns_arrays_arrays, 138)>, 0
    load_const null
    call testing.TestCollector.register_test
    pop 1
    load_var registry
    load_const "array_flat_map_empty_input"
    make_closure .<lambda($init_test_ns_arrays_arrays, 140)>, 0
    load_const null
    call testing.TestCollector.register_test
    pop 1
    load_var registry
    load_const "array_flat_map_uneven_inner_lengths"
    make_closure .<lambda($init_test_ns_arrays_arrays, 142)>, 0
    load_const null
    call testing.TestCollector.register_test
    pop 1
    load_const null
    return
}
