---
source: crates/baml_tests/src/generated_tests.rs
---
Slash "/"
Slash "/"
Word "Parser"
Word "ambiguity"
Colon ":"
Error "`"
Word "with"
Less "<"
Word "expr"
Greater ">"
LBrace "{"
DotDotDot "..."
RBrace "}"
Error "`"
Error "—"
Word "does"
Error "`"
LBrace "{"
Error "`"
Word "start"
Word "an"
Word "object"
Slash "/"
Slash "/"
Word "literal"
LParen "("
Word "part"
Word "of"
Word "the"
Word "runner"
Word "expr"
RParen ")"
Word "or"
Word "the"
Test "test"
Word "body"
Question "?"
Slash "/"
Slash "/"
Slash "/"
Slash "/"
Word "Resolution"
Colon ":"
Word "peek-ahead"
Word "disambiguates"
Dot "."
Word "If"
Error "`"
LBrace "{"
Less "<"
Word "word"
Greater ">"
Colon ":"
Error "`"
Word "follows"
Comma ","
Word "the"
Word "brace"
Slash "/"
Slash "/"
Word "starts"
Word "an"
Word "object"
Word "literal"
LParen "("
Word "constructor"
Word "arg"
RParen ")"
Dot "."
Word "Otherwise"
Word "it"
Word "starts"
Word "the"
Test "test"
Word "body"
Dot "."
Slash "/"
Slash "/"
Word "Case"
IntegerLiteral "1"
Colon ":"
Word "Simple"
Word "identifier"
Word "runner"
Error "—"
Error "`"
LBrace "{"
Word "body"
RBrace "}"
Error "`"
Is "is"
Word "the"
Test "test"
Word "body"
Dot "."
Test "test"
Quote "\""
Word "simple"
Word "runner"
Quote "\""
Word "with"
Word "my_runner"
LBrace "{"
Word "assert"
Dot "."
Word "is_true"
LParen "("
Word "true"
RParen ")"
RBrace "}"
Slash "/"
Slash "/"
Word "Case"
IntegerLiteral "2"
Colon ":"
Word "Call"
Word "expression"
Word "runner"
Error "—"
Error "`"
LBrace "{"
Word "body"
RBrace "}"
Error "`"
Is "is"
Word "the"
Test "test"
Word "body"
Dot "."
Test "test"
Quote "\""
Word "call"
Word "runner"
Quote "\""
Word "with"
Word "testing"
Dot "."
Word "Quorum"
LParen "("
IntegerLiteral "5"
Comma ","
IntegerLiteral "3"
RParen ")"
LBrace "{"
Word "assert"
Dot "."
Word "is_true"
LParen "("
Word "true"
RParen ")"
RBrace "}"
Slash "/"
Slash "/"
Word "Case"
IntegerLiteral "3"
Colon ":"
Word "Constructor"
Word "runner"
Error "—"
Error "`"
LBrace "{"
Word "threshold"
Colon ":"
FloatLiteral "0.5"
RBrace "}"
Error "`"
Is "is"
Word "parsed"
Word "as"
Word "an"
Word "object"
Slash "/"
Slash "/"
Word "literal"
Word "because"
Word "peek-ahead"
Word "sees"
Error "`"
Less "<"
Word "word"
Greater ">"
Colon ":"
Error "`"
Word "after"
Word "the"
Error "`"
LBrace "{"
Error "`"
Dot "."
Class "class"
Word "MyRunner"
LBrace "{"
Word "threshold"
Word "float"
RBrace "}"
Test "test"
Quote "\""
Word "constructor"
Word "runner"
Quote "\""
Word "with"
Word "MyRunner"
LBrace "{"
Word "threshold"
Colon ":"
FloatLiteral "0.5"
RBrace "}"
LBrace "{"
Word "assert"
Dot "."
Word "is_true"
LParen "("
Word "true"
RParen ")"
RBrace "}"
