---
source: crates/baml_tests/src/generated_tests.rs
---
Slash "/"
Slash "/"
Word "Regression"
Colon ":"
Word "a"
Word "misspelled"
Enum "enum"
Word "variant"
Word "name"
In "in"
Word "a"
Word "TYPE"
Word "position"
LParen "("
Match "match"
Word "arm"
Comma ","
Slash "/"
Slash "/"
Word "type"
Word "annotation"
RParen ")"
Word "used"
Word "to"
Word "lower"
Word "to"
Error "`"
Word "Ty"
DoubleColon "::"
Word "EnumVariant"
LParen "("
Word "Status"
Comma ","
Quote "\""
Word "Pendng"
Quote "\""
Comma ","
DotDotDot "..."
RParen ")"
Error "`"
Slash "/"
Slash "/"
Word "without"
Word "checking"
Word "that"
Quote "\""
Word "Pendng"
Quote "\""
Word "actually"
Word "exists"
Word "on"
Error "`"
Word "Status"
Error "`"
Dot "."
Word "Validation"
In "in"
Slash "/"
Slash "/"
Error "`"
Word "lower_type_expr"
Error "`"
Word "should"
Word "surface"
Word "an"
Word "unresolved-type"
Slash "/"
Word "unknown-variant"
Slash "/"
Slash "/"
Word "diagnostic"
Word "at"
Word "this"
Word "site"
Word "instead"
Word "of"
Word "silently"
Word "producing"
Word "a"
Word "bogus"
Word "variant"
Slash "/"
Slash "/"
Word "type"
Word "that"
Word "confuses"
Word "downstream"
Word "type"
Word "checking"
Word "and"
Word "exhaustiveness"
Word "analysis"
Dot "."
Enum "enum"
Word "Status"
LBrace "{"
Word "Active"
Word "Inactive"
Word "Pending"
RBrace "}"
Function "function"
Word "classify"
LParen "("
Word "s"
Colon ":"
Word "Status"
RParen ")"
Arrow "->"
Word "string"
LBrace "{"
Match "match"
LParen "("
Word "s"
RParen ")"
LBrace "{"
Word "Status"
Dot "."
Word "Active"
FatArrow "=>"
Quote "\""
Word "active"
Quote "\""
Comma ","
Word "Status"
Dot "."
Word "Inactive"
FatArrow "=>"
Quote "\""
Word "inactive"
Quote "\""
Comma ","
Word "Status"
Dot "."
Word "Pendng"
FatArrow "=>"
Quote "\""
Word "pending"
Quote "\""
RBrace "}"
RBrace "}"
