---
source: crates/baml_tests/src/generated_tests.rs
assertion_line: 34849
---
=== HIR2 ===
class user.Config {
  key: string
}
class user.Response {
  text: string
}
class user.RootWithStreamFields {
  own_stream: user.Config$stream
  llm_stream: root.llm.Config$stream
}
function user.RootUsesLlmStream(r: root.llm.Response$stream) -> string  [expr] {
  {  } r.text
}
function user.RootUsesOwnStream(c: user.Config$stream) -> string  [expr] {
  {  } c.key
}
function user.from_json(j: baml.json.json) -> user.Config  [expr] {
  user.Config { key: baml.json.from_json(baml.json.field(j, "key")) }
}
function user.from_json(j: baml.json.json) -> user.RootWithStreamFields  [expr] {
  user.RootWithStreamFields { own_stream: baml.json.from_json(baml.json.field(j, "own_stream")), llm_stream: baml.json.from_json(baml.json.field(j, "llm_stream")) }
}
function user.from_json(j: baml.json.json) -> user.Response  [expr] {
  user.Response { text: baml.json.from_json(baml.json.field(j, "text")) }
}
function user.to_json(self: ?) -> baml.json.json  [expr] {
  map { "text": self.text.to_json() }
}
function user.to_json(self: ?) -> baml.json.json  [expr] {
  map { "key": self.key.to_json() }
}
function user.to_json(self: ?) -> baml.json.json  [expr] {
  map { "own_stream": self.own_stream.to_json(), "llm_stream": self.llm_stream.to_json() }
}
class user.llm.Config {
  model: string
}
class user.llm.LlmWithStreamFields {
  own_stream: user.llm.Response$stream
  root_stream: root.Config$stream
}
class user.llm.Response {
  text: string
}
function user.llm.LlmUsesOwnStream(r: user.llm.Response$stream) -> string  [expr] {
  {  } r.text
}
function user.llm.LlmUsesRootStream(c: root.Config$stream) -> string  [expr] {
  {  } c.key
}
function user.llm.from_json(j: baml.json.json) -> user.llm.Config  [expr] {
  user.llm.Config { model: baml.json.from_json(baml.json.field(j, "model")) }
}
function user.llm.from_json(j: baml.json.json) -> user.llm.LlmWithStreamFields  [expr] {
  user.llm.LlmWithStreamFields { own_stream: baml.json.from_json(baml.json.field(j, "own_stream")), root_stream: baml.json.from_json(baml.json.field(j, "root_stream")) }
}
function user.llm.from_json(j: baml.json.json) -> user.llm.Response  [expr] {
  user.llm.Response { text: baml.json.from_json(baml.json.field(j, "text")) }
}
function user.llm.to_json(self: ?) -> baml.json.json  [expr] {
  map { "text": self.text.to_json() }
}
function user.llm.to_json(self: ?) -> baml.json.json  [expr] {
  map { "model": self.model.to_json() }
}
function user.llm.to_json(self: ?) -> baml.json.json  [expr] {
  map { "own_stream": self.own_stream.to_json(), "root_stream": self.root_stream.to_json() }
}
